Building DAG of jobs...
Using shell: /usr/bin/bash
Provided cores: 8
Rules claiming more threads will be scaled down.
Job stats:
job               count    min threads    max threads
--------------  -------  -------------  -------------
create_folders        1              1              1
total                 1              1              1

Select jobs to execute...

[Tue Sep  5 07:20:24 2023]
rule create_folders:
    output: /mnt/data/bioinfoteam/Betty/malpipeline/results/${params.prefix}
    jobid: 0
    reason: Missing output files: /mnt/data/bioinfoteam/Betty/malpipeline/results/${params.prefix}
    resources: tmpdir=/tmp

[Tue Sep  5 07:20:25 2023]
Error in rule create_folders:
    jobid: 0
    output: /mnt/data/bioinfoteam/Betty/malpipeline/results/${params.prefix}
    shell:
        
        mkdir -p /mnt/data/bioinfoteam/Betty/malpipeline/results/${params.prefix}
        for folder in trimmed bam vcf ann;
        do
                mkdir -p /mnt/data/bioinfoteam/Betty/malpipeline/results/${params.prefix}/malr5_${folder};
        done
        
        (one of the commands exited with non-zero exit code; note that snakemake uses bash strict mode!)

Shutting down, this might take some time.
Exiting because a job execution failed. Look above for error message
Complete log: .snakemake/log/2023-09-05T072024.052078.snakemake.log
