Building DAG of jobs...
Using shell: /usr/bin/bash
Provided cores: 8
Rules claiming more threads will be scaled down.
Job stats:
job                    count    min threads    max threads
-------------------  -------  -------------  -------------
check_env_variables        1              1              1
total                      1              1              1

Select jobs to execute...

[Wed Oct 11 05:02:51 2023]
rule check_env_variables:
    output: /mnt/data/bioinfoteam/Betty/malpipeline/results/environment_variables.txt
    jobid: 0
    reason: Forced execution
    resources: tmpdir=/tmp


        env > /mnt/data/bioinfoteam/Betty/malpipeline/results/environment_variables.txt
        
[Wed Oct 11 05:02:52 2023]
Finished job 0.
1 of 1 steps (100%) done
Complete log: .snakemake/log/2023-10-11T050250.673860.snakemake.log
