Building DAG of jobs...
Using shell: /usr/bin/bash
Provided cores: 8
Rules claiming more threads will be scaled down.
Job stats:
job               count    min threads    max threads
--------------  -------  -------------  -------------
create_folders        1              1              1
total                 1              1              1

Select jobs to execute...

[Tue Sep  5 05:06:05 2023]
rule create_folders:
    output: /mnt/data/bioinfoteam/Betty/malpipeline/results/{params.prefix}_folders
    jobid: 0
    reason: Missing output files: /mnt/data/bioinfoteam/Betty/malpipeline/results/{params.prefix}_folders
    resources: tmpdir=/tmp

Waiting at most 5 seconds for missing files.
MissingOutputException in line 14 of /mnt/data/bioinfoteam/Betty/malpipeline/snake/snakefile:
Job Missing files after 5 seconds. This might be due to filesystem latency. If that is the case, consider to increase the wait time with --latency-wait:
/mnt/data/bioinfoteam/Betty/malpipeline/results/{params.prefix}_folders completed successfully, but some output files are missing. 0
Shutting down, this might take some time.
Exiting because a job execution failed. Look above for error message
Complete log: .snakemake/log/2023-09-05T050604.741047.snakemake.log
