Config file /mnt/data/bioinfoteam/Betty/malpipeline/data/config.yaml is extended by additional config specified via the command line.
Building DAG of jobs...
Using shell: /usr/bin/bash
Provided cores: 8
Rules claiming more threads will be scaled down.
Job stats:
job               count    min threads    max threads
--------------  -------  -------------  -------------
create_folders        1              1              1
total                 1              1              1

Select jobs to execute...

[Tue Sep  5 08:21:08 2023]
rule create_folders:
    output: /mnt/data/bioinfoteam/Betty/malpipeline/results/{wildcards.prefix}
    jobid: 0
    reason: Missing output files: /mnt/data/bioinfoteam/Betty/malpipeline/results/{wildcards.prefix}
    resources: tmpdir=/tmp

WorkflowError:
Error when formatting '
        prefix="{wildcards.prefix}"
        mkdir -p {output}
        for folder in {params.folders};
        do
                mkdir -p {output}/${prefix}_${{folder}};
        done
        ' for rule create_folders. 'Wildcards' object has no attribute 'prefix'
