Config file /mnt/data/bioinfoteam/Betty/malpipeline/data/config.yaml is extended by additional config specified via the command line.
Building DAG of jobs...
Using shell: /usr/bin/bash
Provided cores: 8
Rules claiming more threads will be scaled down.
Job stats:
job               count    min threads    max threads
--------------  -------  -------------  -------------
all                   1              1              1
create_folders        1              1              1
total                 2              1              1

Select jobs to execute...

[Tue Sep  5 09:00:39 2023]
rule create_folders:
    output: /mnt/data/bioinfoteam/Betty/malpipeline/results/{config.prefix}
    jobid: 1
    reason: Missing output files: /mnt/data/bioinfoteam/Betty/malpipeline/results/{config.prefix}
    wildcards: prefix={config.prefix}
    resources: tmpdir=/tmp

[Tue Sep  5 09:00:40 2023]
Finished job 1.
1 of 2 steps (50%) done
Select jobs to execute...

[Tue Sep  5 09:00:40 2023]
localrule all:
    input: /mnt/data/bioinfoteam/Betty/malpipeline/results/{config.prefix}
    jobid: 0
    reason: Input files updated by another job: /mnt/data/bioinfoteam/Betty/malpipeline/results/{config.prefix}
    resources: tmpdir=/tmp

[Tue Sep  5 09:00:40 2023]
Finished job 0.
2 of 2 steps (100%) done
Complete log: .snakemake/log/2023-09-05T090038.306531.snakemake.log
