Building DAG of jobs...
Using shell: /usr/bin/bash
Provided cores: 8
Rules claiming more threads will be scaled down.
Job stats:
job              count    min threads    max threads
-------------  -------  -------------  -------------
all                  1              1              1
annotate             6              1              1
bbduk                6              1              1
bowtie               6              1              1
call_vcf             6              1              1
liftover             6              1              1
samtools_sort        6              1              1
tobam                6              1              1
total               43              1              1

Select jobs to execute...

[Wed Oct  4 07:49:42 2023]
rule bbduk:
    input: /mnt/data/bioinfoteam/Betty/malpipeline/data/fastq/D6-PC1_S89_R1_001.fastq.gz, /mnt/data/bioinfoteam/Betty/malpipeline/data/fastq/D6-PC1_S89_R2_001.fastq.gz
    output: /mnt/data/bioinfoteam/Betty/malpipeline/results/trimmed/D6-PC1_S89_R1_trimmed.fastq.gz, /mnt/data/bioinfoteam/Betty/malpipeline/results/trimmed/D6-PC1_S89_R2_trimmed.fastq.gz, /mnt/data/bioinfoteam/Betty/malpipeline/results/trimmed/D6-PC1_S89_stats.txt
    jobid: 28
    reason: Forced execution
    wildcards: sample=D6-PC1_S89
    resources: tmpdir=/tmp


[Wed Oct  4 07:49:43 2023]
rule bbduk:
    input: /mnt/data/bioinfoteam/Betty/malpipeline/data/fastq/7G8-PC6_S219_R1_001.fastq.gz, /mnt/data/bioinfoteam/Betty/malpipeline/data/fastq/7G8-PC6_S219_R2_001.fastq.gz
    output: /mnt/data/bioinfoteam/Betty/malpipeline/results/trimmed/7G8-PC6_S219_R1_trimmed.fastq.gz, /mnt/data/bioinfoteam/Betty/malpipeline/results/trimmed/7G8-PC6_S219_R2_trimmed.fastq.gz, /mnt/data/bioinfoteam/Betty/malpipeline/results/trimmed/7G8-PC6_S219_stats.txt
    jobid: 21
    reason: Forced execution
    wildcards: sample=7G8-PC6_S219
    resources: tmpdir=/tmp


[Wed Oct  4 07:49:44 2023]
rule bbduk:
    input: /mnt/data/bioinfoteam/Betty/malpipeline/data/fastq/7G8-PC5_S37_R1_001.fastq.gz, /mnt/data/bioinfoteam/Betty/malpipeline/data/fastq/7G8-PC5_S37_R2_001.fastq.gz
    output: /mnt/data/bioinfoteam/Betty/malpipeline/results/trimmed/7G8-PC5_S37_R1_trimmed.fastq.gz, /mnt/data/bioinfoteam/Betty/malpipeline/results/trimmed/7G8-PC5_S37_R2_trimmed.fastq.gz, /mnt/data/bioinfoteam/Betty/malpipeline/results/trimmed/7G8-PC5_S37_stats.txt
    jobid: 14
    reason: Forced execution
    wildcards: sample=7G8-PC5_S37
    resources: tmpdir=/tmp


[Wed Oct  4 07:49:44 2023]
rule bbduk:
    input: /mnt/data/bioinfoteam/Betty/malpipeline/data/fastq/7G8-PC4_S90_R1_001.fastq.gz, /mnt/data/bioinfoteam/Betty/malpipeline/data/fastq/7G8-PC4_S90_R2_001.fastq.gz
    output: /mnt/data/bioinfoteam/Betty/malpipeline/results/trimmed/7G8-PC4_S90_R1_trimmed.fastq.gz, /mnt/data/bioinfoteam/Betty/malpipeline/results/trimmed/7G8-PC4_S90_R2_trimmed.fastq.gz, /mnt/data/bioinfoteam/Betty/malpipeline/results/trimmed/7G8-PC4_S90_stats.txt
    jobid: 7
    reason: Forced execution
    wildcards: sample=7G8-PC4_S90
    resources: tmpdir=/tmp


[Wed Oct  4 07:49:44 2023]
rule bbduk:
    input: /mnt/data/bioinfoteam/Betty/malpipeline/data/fastq/D6-PC3_S218_R1_001.fastq.gz, /mnt/data/bioinfoteam/Betty/malpipeline/data/fastq/D6-PC3_S218_R2_001.fastq.gz
    output: /mnt/data/bioinfoteam/Betty/malpipeline/results/trimmed/D6-PC3_S218_R1_trimmed.fastq.gz, /mnt/data/bioinfoteam/Betty/malpipeline/results/trimmed/D6-PC3_S218_R2_trimmed.fastq.gz, /mnt/data/bioinfoteam/Betty/malpipeline/results/trimmed/D6-PC3_S218_stats.txt
    jobid: 42
    reason: Forced execution
    wildcards: sample=D6-PC3_S218
    resources: tmpdir=/tmp


[Wed Oct  4 07:49:44 2023]
rule bbduk:
    input: /mnt/data/bioinfoteam/Betty/malpipeline/data/fastq/D6-PC2_S35_R1_001.fastq.gz, /mnt/data/bioinfoteam/Betty/malpipeline/data/fastq/D6-PC2_S35_R2_001.fastq.gz
    output: /mnt/data/bioinfoteam/Betty/malpipeline/results/trimmed/D6-PC2_S35_R1_trimmed.fastq.gz, /mnt/data/bioinfoteam/Betty/malpipeline/results/trimmed/D6-PC2_S35_R2_trimmed.fastq.gz, /mnt/data/bioinfoteam/Betty/malpipeline/results/trimmed/D6-PC2_S35_stats.txt
    jobid: 35
    reason: Forced execution
    wildcards: sample=D6-PC2_S35
    resources: tmpdir=/tmp

[Wed Oct  4 07:49:46 2023]
Finished job 42.
1 of 43 steps (2%) done
Select jobs to execute...

[Wed Oct  4 07:49:46 2023]
rule bowtie:
    input: /mnt/data/bioinfoteam/Betty/malpipeline/results/trimmed/D6-PC3_S218_R1_trimmed.fastq.gz, /mnt/data/bioinfoteam/Betty/malpipeline/results/trimmed/D6-PC3_S218_R2_trimmed.fastq.gz
    output: /mnt/data/bioinfoteam/Betty/malpipeline/results/bam/D6-PC3_S218_aln.sam
    jobid: 41
    reason: Input files updated by another job: /mnt/data/bioinfoteam/Betty/malpipeline/results/trimmed/D6-PC3_S218_R2_trimmed.fastq.gz, /mnt/data/bioinfoteam/Betty/malpipeline/results/trimmed/D6-PC3_S218_R1_trimmed.fastq.gz
    wildcards: sample=D6-PC3_S218
    resources: tmpdir=/tmp

[Wed Oct  4 07:49:48 2023]
Finished job 7.
2 of 43 steps (5%) done
Select jobs to execute...

[Wed Oct  4 07:49:48 2023]
rule bowtie:
    input: /mnt/data/bioinfoteam/Betty/malpipeline/results/trimmed/7G8-PC4_S90_R1_trimmed.fastq.gz, /mnt/data/bioinfoteam/Betty/malpipeline/results/trimmed/7G8-PC4_S90_R2_trimmed.fastq.gz
    output: /mnt/data/bioinfoteam/Betty/malpipeline/results/bam/7G8-PC4_S90_aln.sam
    jobid: 6
    reason: Input files updated by another job: /mnt/data/bioinfoteam/Betty/malpipeline/results/trimmed/7G8-PC4_S90_R1_trimmed.fastq.gz, /mnt/data/bioinfoteam/Betty/malpipeline/results/trimmed/7G8-PC4_S90_R2_trimmed.fastq.gz
    wildcards: sample=7G8-PC4_S90
    resources: tmpdir=/tmp

[Wed Oct  4 07:49:48 2023]
Finished job 41.
3 of 43 steps (7%) done
[Wed Oct  4 07:49:50 2023]
Finished job 28.
4 of 43 steps (9%) done
Select jobs to execute...

[Wed Oct  4 07:49:50 2023]
rule bowtie:
    input: /mnt/data/bioinfoteam/Betty/malpipeline/results/trimmed/D6-PC1_S89_R1_trimmed.fastq.gz, /mnt/data/bioinfoteam/Betty/malpipeline/results/trimmed/D6-PC1_S89_R2_trimmed.fastq.gz
    output: /mnt/data/bioinfoteam/Betty/malpipeline/results/bam/D6-PC1_S89_aln.sam
    jobid: 27
    reason: Input files updated by another job: /mnt/data/bioinfoteam/Betty/malpipeline/results/trimmed/D6-PC1_S89_R2_trimmed.fastq.gz, /mnt/data/bioinfoteam/Betty/malpipeline/results/trimmed/D6-PC1_S89_R1_trimmed.fastq.gz
    wildcards: sample=D6-PC1_S89
    resources: tmpdir=/tmp


[Wed Oct  4 07:49:50 2023]
rule tobam:
    input: /mnt/data/bioinfoteam/Betty/malpipeline/results/bam/D6-PC3_S218_aln.sam
    output: /mnt/data/bioinfoteam/Betty/malpipeline/results/bam/D6-PC3_S218_aln.bam
    jobid: 40
    reason: Input files updated by another job: /mnt/data/bioinfoteam/Betty/malpipeline/results/bam/D6-PC3_S218_aln.sam
    wildcards: sample=D6-PC3_S218
    resources: tmpdir=/tmp

[Wed Oct  4 07:49:50 2023]
Finished job 21.
5 of 43 steps (12%) done
[Wed Oct  4 07:49:51 2023]
Finished job 35.
6 of 43 steps (14%) done
Select jobs to execute...

[Wed Oct  4 07:49:51 2023]
rule bowtie:
    input: /mnt/data/bioinfoteam/Betty/malpipeline/results/trimmed/7G8-PC6_S219_R1_trimmed.fastq.gz, /mnt/data/bioinfoteam/Betty/malpipeline/results/trimmed/7G8-PC6_S219_R2_trimmed.fastq.gz
    output: /mnt/data/bioinfoteam/Betty/malpipeline/results/bam/7G8-PC6_S219_aln.sam
    jobid: 20
    reason: Input files updated by another job: /mnt/data/bioinfoteam/Betty/malpipeline/results/trimmed/7G8-PC6_S219_R2_trimmed.fastq.gz, /mnt/data/bioinfoteam/Betty/malpipeline/results/trimmed/7G8-PC6_S219_R1_trimmed.fastq.gz
    wildcards: sample=7G8-PC6_S219
    resources: tmpdir=/tmp


[Wed Oct  4 07:49:51 2023]
rule bowtie:
    input: /mnt/data/bioinfoteam/Betty/malpipeline/results/trimmed/D6-PC2_S35_R1_trimmed.fastq.gz, /mnt/data/bioinfoteam/Betty/malpipeline/results/trimmed/D6-PC2_S35_R2_trimmed.fastq.gz
    output: /mnt/data/bioinfoteam/Betty/malpipeline/results/bam/D6-PC2_S35_aln.sam
    jobid: 34
    reason: Input files updated by another job: /mnt/data/bioinfoteam/Betty/malpipeline/results/trimmed/D6-PC2_S35_R1_trimmed.fastq.gz, /mnt/data/bioinfoteam/Betty/malpipeline/results/trimmed/D6-PC2_S35_R2_trimmed.fastq.gz
    wildcards: sample=D6-PC2_S35
    resources: tmpdir=/tmp

[Wed Oct  4 07:49:51 2023]
Finished job 40.
7 of 43 steps (16%) done
Select jobs to execute...

[Wed Oct  4 07:49:51 2023]
rule samtools_sort:
    input: /mnt/data/bioinfoteam/Betty/malpipeline/results/bam/D6-PC3_S218_aln.bam
    output: /mnt/data/bioinfoteam/Betty/malpipeline/results/bam/D6-PC3_S218.sorted.bam
    jobid: 39
    reason: Input files updated by another job: /mnt/data/bioinfoteam/Betty/malpipeline/results/bam/D6-PC3_S218_aln.bam
    wildcards: sample=D6-PC3_S218
    resources: tmpdir=/tmp

[Wed Oct  4 07:49:52 2023]
Finished job 39.
8 of 43 steps (19%) done
Select jobs to execute...

[Wed Oct  4 07:49:52 2023]
rule call_vcf:
    input: /mnt/data/bioinfoteam/Betty/malpipeline/results/bam/D6-PC3_S218.sorted.bam
    output: /mnt/data/bioinfoteam/Betty/malpipeline/results/vcf/D6-PC3_S218.vcf
    jobid: 38
    reason: Input files updated by another job: /mnt/data/bioinfoteam/Betty/malpipeline/results/bam/D6-PC3_S218.sorted.bam
    wildcards: sample=D6-PC3_S218
    resources: tmpdir=/tmp

[Wed Oct  4 07:49:53 2023]
Finished job 38.
9 of 43 steps (21%) done
Select jobs to execute...

[Wed Oct  4 07:49:53 2023]
rule liftover:
    input: /mnt/data/bioinfoteam/Betty/malpipeline/results/vcf/D6-PC3_S218.vcf
    output: /mnt/data/bioinfoteam/Betty/malpipeline/results/vcf/D6-PC3_S218_a.vcf
    jobid: 37
    reason: Missing output files: /mnt/data/bioinfoteam/Betty/malpipeline/results/vcf/D6-PC3_S218_a.vcf; Input files updated by another job: /mnt/data/bioinfoteam/Betty/malpipeline/results/vcf/D6-PC3_S218.vcf
    wildcards: sample=D6-PC3_S218
    resources: tmpdir=/tmp

[Wed Oct  4 07:49:53 2023]
Error in rule liftover:
    jobid: 37
    output: /mnt/data/bioinfoteam/Betty/malpipeline/results/vcf/D6-PC3_S218_a.vcf
    shell:
        python /mnt/data/bioinfoteam/Betty/scripts/adjust2.py -i /mnt/data/bioinfoteam/Betty/malpipeline/results/vcf/D6-PC3_S218.vcf -o /mnt/data/bioinfoteam/Betty/malpipeline/results/vcf/D6-PC3_S218_a.vcf
        (one of the commands exited with non-zero exit code; note that snakemake uses bash strict mode!)

[Wed Oct  4 07:50:00 2023]
Finished job 14.
10 of 43 steps (23%) done
[Wed Oct  4 07:50:00 2023]
Finished job 27.
11 of 43 steps (26%) done
Terminating processes on user request, this might take some time.
[Wed Oct  4 07:50:06 2023]
Error in rule bowtie:
    jobid: 34
    output: /mnt/data/bioinfoteam/Betty/malpipeline/results/bam/D6-PC2_S35_aln.sam
    shell:
         bowtie2 --very-sensitive  --end-to-end   -x /mnt/data/bioinfoteam/Betty/malpipeline/data/reference/refs_all_index -1 /mnt/data/bioinfoteam/Betty/malpipeline/results/trimmed/D6-PC2_S35_R1_trimmed.fastq.gz -2 /mnt/data/bioinfoteam/Betty/malpipeline/results/trimmed/D6-PC2_S35_R2_trimmed.fastq.gz -p 8 -S /mnt/data/bioinfoteam/Betty/malpipeline/results/bam/D6-PC2_S35_aln.sam
        (one of the commands exited with non-zero exit code; note that snakemake uses bash strict mode!)

[Wed Oct  4 07:50:06 2023]
Error in rule bowtie:
    jobid: 20
    output: /mnt/data/bioinfoteam/Betty/malpipeline/results/bam/7G8-PC6_S219_aln.sam
    shell:
         bowtie2 --very-sensitive  --end-to-end   -x /mnt/data/bioinfoteam/Betty/malpipeline/data/reference/refs_all_index -1 /mnt/data/bioinfoteam/Betty/malpipeline/results/trimmed/7G8-PC6_S219_R1_trimmed.fastq.gz -2 /mnt/data/bioinfoteam/Betty/malpipeline/results/trimmed/7G8-PC6_S219_R2_trimmed.fastq.gz -p 8 -S /mnt/data/bioinfoteam/Betty/malpipeline/results/bam/7G8-PC6_S219_aln.sam
        (one of the commands exited with non-zero exit code; note that snakemake uses bash strict mode!)

Complete log: .snakemake/log/2023-10-04T074941.812093.snakemake.log
