Building DAG of jobs...
Using shell: /usr/bin/bash
Provided cores: 8
Rules claiming more threads will be scaled down.
Job stats:
job                    count    min threads    max threads
-------------------  -------  -------------  -------------
all                        1              1              1
annotate                   6              1              1
bbduk                      6              1              1
bowtie                     6              1              1
call_vcf                   6              1              1
extract_snpeff_info        6              1              1
liftover                   6              1              1
samtools_sort              6              1              1
tobam                      6              1              1
total                     49              1              1

Select jobs to execute...

[Fri Oct 20 09:08:25 2023]
rule bbduk:
    input: /mnt/data/bioinfoteam/Betty/malpipeline/data/fastq/D6-PC3_S218_R1_001.fastq.gz, /mnt/data/bioinfoteam/Betty/malpipeline/data/fastq/D6-PC3_S218_R2_001.fastq.gz
    output: /mnt/data/bioinfoteam/Betty/malpipeline/results/trimmed/D6-PC3_S218_R1_trimmed.fastq.gz, /mnt/data/bioinfoteam/Betty/malpipeline/results/trimmed/D6-PC3_S218_R2_trimmed.fastq.gz, /mnt/data/bioinfoteam/Betty/malpipeline/results/trimmed/D6-PC3_S218_stats.txt
    jobid: 43
    reason: Forced execution
    wildcards: sample=D6-PC3_S218
    resources: tmpdir=/tmp

/mnt/data/bioinfoteam/Betty/anaconda3b/envs/mala/bin/bbduk.sh    trimq=20 maq=20 minlength=100  ordered=t  in=/mnt/data/bioinfoteam/Betty/malpipeline/data/fastq/D6-PC3_S218_R1_001.fastq.gz in2=/mnt/data/bioinfoteam/Betty/malpipeline/data/fastq/D6-PC3_S218_R2_001.fastq.gz out=/mnt/data/bioinfoteam/Betty/malpipeline/results/trimmed/D6-PC3_S218_R1_trimmed.fastq.gz out2=/mnt/data/bioinfoteam/Betty/malpipeline/results/trimmed/D6-PC3_S218_R2_trimmed.fastq.gz stats=/mnt/data/bioinfoteam/Betty/malpipeline/results/trimmed/D6-PC3_S218_stats.txt

[Fri Oct 20 09:08:27 2023]
rule bbduk:
    input: /mnt/data/bioinfoteam/Betty/malpipeline/data/fastq/D6-PC2_S35_R1_001.fastq.gz, /mnt/data/bioinfoteam/Betty/malpipeline/data/fastq/D6-PC2_S35_R2_001.fastq.gz
    output: /mnt/data/bioinfoteam/Betty/malpipeline/results/trimmed/D6-PC2_S35_R1_trimmed.fastq.gz, /mnt/data/bioinfoteam/Betty/malpipeline/results/trimmed/D6-PC2_S35_R2_trimmed.fastq.gz, /mnt/data/bioinfoteam/Betty/malpipeline/results/trimmed/D6-PC2_S35_stats.txt
    jobid: 36
    reason: Forced execution
    wildcards: sample=D6-PC2_S35
    resources: tmpdir=/tmp

/mnt/data/bioinfoteam/Betty/anaconda3b/envs/mala/bin/bbduk.sh    trimq=20 maq=20 minlength=100  ordered=t  in=/mnt/data/bioinfoteam/Betty/malpipeline/data/fastq/D6-PC2_S35_R1_001.fastq.gz in2=/mnt/data/bioinfoteam/Betty/malpipeline/data/fastq/D6-PC2_S35_R2_001.fastq.gz out=/mnt/data/bioinfoteam/Betty/malpipeline/results/trimmed/D6-PC2_S35_R1_trimmed.fastq.gz out2=/mnt/data/bioinfoteam/Betty/malpipeline/results/trimmed/D6-PC2_S35_R2_trimmed.fastq.gz stats=/mnt/data/bioinfoteam/Betty/malpipeline/results/trimmed/D6-PC2_S35_stats.txt

[Fri Oct 20 09:08:28 2023]
rule bbduk:
    input: /mnt/data/bioinfoteam/Betty/malpipeline/data/fastq/D6-PC1_S89_R1_001.fastq.gz, /mnt/data/bioinfoteam/Betty/malpipeline/data/fastq/D6-PC1_S89_R2_001.fastq.gz
    output: /mnt/data/bioinfoteam/Betty/malpipeline/results/trimmed/D6-PC1_S89_R1_trimmed.fastq.gz, /mnt/data/bioinfoteam/Betty/malpipeline/results/trimmed/D6-PC1_S89_R2_trimmed.fastq.gz, /mnt/data/bioinfoteam/Betty/malpipeline/results/trimmed/D6-PC1_S89_stats.txt
    jobid: 29
    reason: Forced execution
    wildcards: sample=D6-PC1_S89
    resources: tmpdir=/tmp

/mnt/data/bioinfoteam/Betty/anaconda3b/envs/mala/bin/bbduk.sh    trimq=20 maq=20 minlength=100  ordered=t  in=/mnt/data/bioinfoteam/Betty/malpipeline/data/fastq/D6-PC1_S89_R1_001.fastq.gz in2=/mnt/data/bioinfoteam/Betty/malpipeline/data/fastq/D6-PC1_S89_R2_001.fastq.gz out=/mnt/data/bioinfoteam/Betty/malpipeline/results/trimmed/D6-PC1_S89_R1_trimmed.fastq.gz out2=/mnt/data/bioinfoteam/Betty/malpipeline/results/trimmed/D6-PC1_S89_R2_trimmed.fastq.gz stats=/mnt/data/bioinfoteam/Betty/malpipeline/results/trimmed/D6-PC1_S89_stats.txt

[Fri Oct 20 09:08:28 2023]
rule bbduk:
    input: /mnt/data/bioinfoteam/Betty/malpipeline/data/fastq/7G8-PC6_S219_R1_001.fastq.gz, /mnt/data/bioinfoteam/Betty/malpipeline/data/fastq/7G8-PC6_S219_R2_001.fastq.gz
    output: /mnt/data/bioinfoteam/Betty/malpipeline/results/trimmed/7G8-PC6_S219_R1_trimmed.fastq.gz, /mnt/data/bioinfoteam/Betty/malpipeline/results/trimmed/7G8-PC6_S219_R2_trimmed.fastq.gz, /mnt/data/bioinfoteam/Betty/malpipeline/results/trimmed/7G8-PC6_S219_stats.txt
    jobid: 22
    reason: Forced execution
    wildcards: sample=7G8-PC6_S219
    resources: tmpdir=/tmp

/mnt/data/bioinfoteam/Betty/anaconda3b/envs/mala/bin/bbduk.sh    trimq=20 maq=20 minlength=100  ordered=t  in=/mnt/data/bioinfoteam/Betty/malpipeline/data/fastq/7G8-PC6_S219_R1_001.fastq.gz in2=/mnt/data/bioinfoteam/Betty/malpipeline/data/fastq/7G8-PC6_S219_R2_001.fastq.gz out=/mnt/data/bioinfoteam/Betty/malpipeline/results/trimmed/7G8-PC6_S219_R1_trimmed.fastq.gz out2=/mnt/data/bioinfoteam/Betty/malpipeline/results/trimmed/7G8-PC6_S219_R2_trimmed.fastq.gz stats=/mnt/data/bioinfoteam/Betty/malpipeline/results/trimmed/7G8-PC6_S219_stats.txt

[Fri Oct 20 09:08:28 2023]
rule bbduk:
    input: /mnt/data/bioinfoteam/Betty/malpipeline/data/fastq/7G8-PC5_S37_R1_001.fastq.gz, /mnt/data/bioinfoteam/Betty/malpipeline/data/fastq/7G8-PC5_S37_R2_001.fastq.gz
    output: /mnt/data/bioinfoteam/Betty/malpipeline/results/trimmed/7G8-PC5_S37_R1_trimmed.fastq.gz, /mnt/data/bioinfoteam/Betty/malpipeline/results/trimmed/7G8-PC5_S37_R2_trimmed.fastq.gz, /mnt/data/bioinfoteam/Betty/malpipeline/results/trimmed/7G8-PC5_S37_stats.txt
    jobid: 15
    reason: Forced execution
    wildcards: sample=7G8-PC5_S37
    resources: tmpdir=/tmp

/mnt/data/bioinfoteam/Betty/anaconda3b/envs/mala/bin/bbduk.sh    trimq=20 maq=20 minlength=100  ordered=t  in=/mnt/data/bioinfoteam/Betty/malpipeline/data/fastq/7G8-PC5_S37_R1_001.fastq.gz in2=/mnt/data/bioinfoteam/Betty/malpipeline/data/fastq/7G8-PC5_S37_R2_001.fastq.gz out=/mnt/data/bioinfoteam/Betty/malpipeline/results/trimmed/7G8-PC5_S37_R1_trimmed.fastq.gz out2=/mnt/data/bioinfoteam/Betty/malpipeline/results/trimmed/7G8-PC5_S37_R2_trimmed.fastq.gz stats=/mnt/data/bioinfoteam/Betty/malpipeline/results/trimmed/7G8-PC5_S37_stats.txt

[Fri Oct 20 09:08:28 2023]
rule bbduk:
    input: /mnt/data/bioinfoteam/Betty/malpipeline/data/fastq/7G8-PC4_S90_R1_001.fastq.gz, /mnt/data/bioinfoteam/Betty/malpipeline/data/fastq/7G8-PC4_S90_R2_001.fastq.gz
    output: /mnt/data/bioinfoteam/Betty/malpipeline/results/trimmed/7G8-PC4_S90_R1_trimmed.fastq.gz, /mnt/data/bioinfoteam/Betty/malpipeline/results/trimmed/7G8-PC4_S90_R2_trimmed.fastq.gz, /mnt/data/bioinfoteam/Betty/malpipeline/results/trimmed/7G8-PC4_S90_stats.txt
    jobid: 8
    reason: Forced execution
    wildcards: sample=7G8-PC4_S90
    resources: tmpdir=/tmp

/mnt/data/bioinfoteam/Betty/anaconda3b/envs/mala/bin/bbduk.sh    trimq=20 maq=20 minlength=100  ordered=t  in=/mnt/data/bioinfoteam/Betty/malpipeline/data/fastq/7G8-PC4_S90_R1_001.fastq.gz in2=/mnt/data/bioinfoteam/Betty/malpipeline/data/fastq/7G8-PC4_S90_R2_001.fastq.gz out=/mnt/data/bioinfoteam/Betty/malpipeline/results/trimmed/7G8-PC4_S90_R1_trimmed.fastq.gz out2=/mnt/data/bioinfoteam/Betty/malpipeline/results/trimmed/7G8-PC4_S90_R2_trimmed.fastq.gz stats=/mnt/data/bioinfoteam/Betty/malpipeline/results/trimmed/7G8-PC4_S90_stats.txt
[Fri Oct 20 09:08:32 2023]
Finished job 43.
1 of 49 steps (2%) done
Select jobs to execute...

[Fri Oct 20 09:08:32 2023]
rule bowtie:
    input: /mnt/data/bioinfoteam/Betty/malpipeline/results/trimmed/D6-PC3_S218_R1_trimmed.fastq.gz, /mnt/data/bioinfoteam/Betty/malpipeline/results/trimmed/D6-PC3_S218_R2_trimmed.fastq.gz
    output: /mnt/data/bioinfoteam/Betty/malpipeline/results/bam/D6-PC3_S218_aln.sam
    jobid: 42
    reason: Missing output files: /mnt/data/bioinfoteam/Betty/malpipeline/results/bam/D6-PC3_S218_aln.sam; Input files updated by another job: /mnt/data/bioinfoteam/Betty/malpipeline/results/trimmed/D6-PC3_S218_R1_trimmed.fastq.gz, /mnt/data/bioinfoteam/Betty/malpipeline/results/trimmed/D6-PC3_S218_R2_trimmed.fastq.gz
    wildcards: sample=D6-PC3_S218
    resources: tmpdir=/tmp

 bowtie2 --very-sensitive  --end-to-end   -x /mnt/data/bioinfoteam/Betty/malpipeline/data/reference/refs_all_index -1 /mnt/data/bioinfoteam/Betty/malpipeline/results/trimmed/D6-PC3_S218_R1_trimmed.fastq.gz -2 /mnt/data/bioinfoteam/Betty/malpipeline/results/trimmed/D6-PC3_S218_R2_trimmed.fastq.gz -p 8 -S /mnt/data/bioinfoteam/Betty/malpipeline/results/bam/D6-PC3_S218_aln.sam
[Fri Oct 20 09:08:36 2023]
Finished job 29.
2 of 49 steps (4%) done
Select jobs to execute...

[Fri Oct 20 09:08:36 2023]
rule bowtie:
    input: /mnt/data/bioinfoteam/Betty/malpipeline/results/trimmed/D6-PC1_S89_R1_trimmed.fastq.gz, /mnt/data/bioinfoteam/Betty/malpipeline/results/trimmed/D6-PC1_S89_R2_trimmed.fastq.gz
    output: /mnt/data/bioinfoteam/Betty/malpipeline/results/bam/D6-PC1_S89_aln.sam
    jobid: 28
    reason: Missing output files: /mnt/data/bioinfoteam/Betty/malpipeline/results/bam/D6-PC1_S89_aln.sam; Input files updated by another job: /mnt/data/bioinfoteam/Betty/malpipeline/results/trimmed/D6-PC1_S89_R2_trimmed.fastq.gz, /mnt/data/bioinfoteam/Betty/malpipeline/results/trimmed/D6-PC1_S89_R1_trimmed.fastq.gz
    wildcards: sample=D6-PC1_S89
    resources: tmpdir=/tmp

 bowtie2 --very-sensitive  --end-to-end   -x /mnt/data/bioinfoteam/Betty/malpipeline/data/reference/refs_all_index -1 /mnt/data/bioinfoteam/Betty/malpipeline/results/trimmed/D6-PC1_S89_R1_trimmed.fastq.gz -2 /mnt/data/bioinfoteam/Betty/malpipeline/results/trimmed/D6-PC1_S89_R2_trimmed.fastq.gz -p 8 -S /mnt/data/bioinfoteam/Betty/malpipeline/results/bam/D6-PC1_S89_aln.sam
[Fri Oct 20 09:08:36 2023]
Finished job 8.
3 of 49 steps (6%) done
[Fri Oct 20 09:08:36 2023]
Finished job 22.
4 of 49 steps (8%) done
[Fri Oct 20 09:08:37 2023]
Finished job 36.
5 of 49 steps (10%) done
Select jobs to execute...

[Fri Oct 20 09:08:37 2023]
rule bowtie:
    input: /mnt/data/bioinfoteam/Betty/malpipeline/results/trimmed/7G8-PC6_S219_R1_trimmed.fastq.gz, /mnt/data/bioinfoteam/Betty/malpipeline/results/trimmed/7G8-PC6_S219_R2_trimmed.fastq.gz
    output: /mnt/data/bioinfoteam/Betty/malpipeline/results/bam/7G8-PC6_S219_aln.sam
    jobid: 21
    reason: Missing output files: /mnt/data/bioinfoteam/Betty/malpipeline/results/bam/7G8-PC6_S219_aln.sam; Input files updated by another job: /mnt/data/bioinfoteam/Betty/malpipeline/results/trimmed/7G8-PC6_S219_R1_trimmed.fastq.gz, /mnt/data/bioinfoteam/Betty/malpipeline/results/trimmed/7G8-PC6_S219_R2_trimmed.fastq.gz
    wildcards: sample=7G8-PC6_S219
    resources: tmpdir=/tmp

 bowtie2 --very-sensitive  --end-to-end   -x /mnt/data/bioinfoteam/Betty/malpipeline/data/reference/refs_all_index -1 /mnt/data/bioinfoteam/Betty/malpipeline/results/trimmed/7G8-PC6_S219_R1_trimmed.fastq.gz -2 /mnt/data/bioinfoteam/Betty/malpipeline/results/trimmed/7G8-PC6_S219_R2_trimmed.fastq.gz -p 8 -S /mnt/data/bioinfoteam/Betty/malpipeline/results/bam/7G8-PC6_S219_aln.sam

[Fri Oct 20 09:08:37 2023]
rule bowtie:
    input: /mnt/data/bioinfoteam/Betty/malpipeline/results/trimmed/D6-PC2_S35_R1_trimmed.fastq.gz, /mnt/data/bioinfoteam/Betty/malpipeline/results/trimmed/D6-PC2_S35_R2_trimmed.fastq.gz
    output: /mnt/data/bioinfoteam/Betty/malpipeline/results/bam/D6-PC2_S35_aln.sam
    jobid: 35
    reason: Missing output files: /mnt/data/bioinfoteam/Betty/malpipeline/results/bam/D6-PC2_S35_aln.sam; Input files updated by another job: /mnt/data/bioinfoteam/Betty/malpipeline/results/trimmed/D6-PC2_S35_R1_trimmed.fastq.gz, /mnt/data/bioinfoteam/Betty/malpipeline/results/trimmed/D6-PC2_S35_R2_trimmed.fastq.gz
    wildcards: sample=D6-PC2_S35
    resources: tmpdir=/tmp

 bowtie2 --very-sensitive  --end-to-end   -x /mnt/data/bioinfoteam/Betty/malpipeline/data/reference/refs_all_index -1 /mnt/data/bioinfoteam/Betty/malpipeline/results/trimmed/D6-PC2_S35_R1_trimmed.fastq.gz -2 /mnt/data/bioinfoteam/Betty/malpipeline/results/trimmed/D6-PC2_S35_R2_trimmed.fastq.gz -p 8 -S /mnt/data/bioinfoteam/Betty/malpipeline/results/bam/D6-PC2_S35_aln.sam

[Fri Oct 20 09:08:37 2023]
rule bowtie:
    input: /mnt/data/bioinfoteam/Betty/malpipeline/results/trimmed/7G8-PC4_S90_R1_trimmed.fastq.gz, /mnt/data/bioinfoteam/Betty/malpipeline/results/trimmed/7G8-PC4_S90_R2_trimmed.fastq.gz
    output: /mnt/data/bioinfoteam/Betty/malpipeline/results/bam/7G8-PC4_S90_aln.sam
    jobid: 7
    reason: Missing output files: /mnt/data/bioinfoteam/Betty/malpipeline/results/bam/7G8-PC4_S90_aln.sam; Input files updated by another job: /mnt/data/bioinfoteam/Betty/malpipeline/results/trimmed/7G8-PC4_S90_R2_trimmed.fastq.gz, /mnt/data/bioinfoteam/Betty/malpipeline/results/trimmed/7G8-PC4_S90_R1_trimmed.fastq.gz
    wildcards: sample=7G8-PC4_S90
    resources: tmpdir=/tmp

 bowtie2 --very-sensitive  --end-to-end   -x /mnt/data/bioinfoteam/Betty/malpipeline/data/reference/refs_all_index -1 /mnt/data/bioinfoteam/Betty/malpipeline/results/trimmed/7G8-PC4_S90_R1_trimmed.fastq.gz -2 /mnt/data/bioinfoteam/Betty/malpipeline/results/trimmed/7G8-PC4_S90_R2_trimmed.fastq.gz -p 8 -S /mnt/data/bioinfoteam/Betty/malpipeline/results/bam/7G8-PC4_S90_aln.sam
[Fri Oct 20 09:08:40 2023]
Finished job 42.
6 of 49 steps (12%) done
Select jobs to execute...

[Fri Oct 20 09:08:40 2023]
rule tobam:
    input: /mnt/data/bioinfoteam/Betty/malpipeline/results/bam/D6-PC3_S218_aln.sam
    output: /mnt/data/bioinfoteam/Betty/malpipeline/results/bam/D6-PC3_S218_aln.bam
    jobid: 41
    reason: Missing output files: /mnt/data/bioinfoteam/Betty/malpipeline/results/bam/D6-PC3_S218_aln.bam; Input files updated by another job: /mnt/data/bioinfoteam/Betty/malpipeline/results/bam/D6-PC3_S218_aln.sam
    wildcards: sample=D6-PC3_S218
    resources: tmpdir=/tmp

samtools view -b /mnt/data/bioinfoteam/Betty/malpipeline/results/bam/D6-PC3_S218_aln.sam -o /mnt/data/bioinfoteam/Betty/malpipeline/results/bam/D6-PC3_S218_aln.bam
[Fri Oct 20 09:08:47 2023]
Finished job 41.
7 of 49 steps (14%) done
Select jobs to execute...

[Fri Oct 20 09:08:47 2023]
rule samtools_sort:
    input: /mnt/data/bioinfoteam/Betty/malpipeline/results/bam/D6-PC3_S218_aln.bam
    output: /mnt/data/bioinfoteam/Betty/malpipeline/results/bam/D6-PC3_S218.sorted.bam
    jobid: 40
    reason: Missing output files: /mnt/data/bioinfoteam/Betty/malpipeline/results/bam/D6-PC3_S218.sorted.bam; Input files updated by another job: /mnt/data/bioinfoteam/Betty/malpipeline/results/bam/D6-PC3_S218_aln.bam
    wildcards: sample=D6-PC3_S218
    resources: tmpdir=/tmp

samtools sort /mnt/data/bioinfoteam/Betty/malpipeline/results/bam/D6-PC3_S218_aln.bam -o /mnt/data/bioinfoteam/Betty/malpipeline/results/bam/D6-PC3_S218.sorted.bam
[Fri Oct 20 09:08:48 2023]
Finished job 15.
8 of 49 steps (16%) done
Select jobs to execute...

[Fri Oct 20 09:08:48 2023]
rule bowtie:
    input: /mnt/data/bioinfoteam/Betty/malpipeline/results/trimmed/7G8-PC5_S37_R1_trimmed.fastq.gz, /mnt/data/bioinfoteam/Betty/malpipeline/results/trimmed/7G8-PC5_S37_R2_trimmed.fastq.gz
    output: /mnt/data/bioinfoteam/Betty/malpipeline/results/bam/7G8-PC5_S37_aln.sam
    jobid: 14
    reason: Missing output files: /mnt/data/bioinfoteam/Betty/malpipeline/results/bam/7G8-PC5_S37_aln.sam; Input files updated by another job: /mnt/data/bioinfoteam/Betty/malpipeline/results/trimmed/7G8-PC5_S37_R2_trimmed.fastq.gz, /mnt/data/bioinfoteam/Betty/malpipeline/results/trimmed/7G8-PC5_S37_R1_trimmed.fastq.gz
    wildcards: sample=7G8-PC5_S37
    resources: tmpdir=/tmp

 bowtie2 --very-sensitive  --end-to-end   -x /mnt/data/bioinfoteam/Betty/malpipeline/data/reference/refs_all_index -1 /mnt/data/bioinfoteam/Betty/malpipeline/results/trimmed/7G8-PC5_S37_R1_trimmed.fastq.gz -2 /mnt/data/bioinfoteam/Betty/malpipeline/results/trimmed/7G8-PC5_S37_R2_trimmed.fastq.gz -p 8 -S /mnt/data/bioinfoteam/Betty/malpipeline/results/bam/7G8-PC5_S37_aln.sam
[Fri Oct 20 09:08:48 2023]
Finished job 28.
9 of 49 steps (18%) done
Select jobs to execute...

[Fri Oct 20 09:08:48 2023]
rule tobam:
    input: /mnt/data/bioinfoteam/Betty/malpipeline/results/bam/D6-PC1_S89_aln.sam
    output: /mnt/data/bioinfoteam/Betty/malpipeline/results/bam/D6-PC1_S89_aln.bam
    jobid: 27
    reason: Missing output files: /mnt/data/bioinfoteam/Betty/malpipeline/results/bam/D6-PC1_S89_aln.bam; Input files updated by another job: /mnt/data/bioinfoteam/Betty/malpipeline/results/bam/D6-PC1_S89_aln.sam
    wildcards: sample=D6-PC1_S89
    resources: tmpdir=/tmp

samtools view -b /mnt/data/bioinfoteam/Betty/malpipeline/results/bam/D6-PC1_S89_aln.sam -o /mnt/data/bioinfoteam/Betty/malpipeline/results/bam/D6-PC1_S89_aln.bam
[Fri Oct 20 09:08:49 2023]
Finished job 40.
10 of 49 steps (20%) done
Select jobs to execute...

[Fri Oct 20 09:08:49 2023]
rule call_vcf:
    input: /mnt/data/bioinfoteam/Betty/malpipeline/results/bam/D6-PC3_S218.sorted.bam
    output: /mnt/data/bioinfoteam/Betty/malpipeline/results/vcf/D6-PC3_S218.vcf
    jobid: 39
    reason: Missing output files: /mnt/data/bioinfoteam/Betty/malpipeline/results/vcf/D6-PC3_S218.vcf; Input files updated by another job: /mnt/data/bioinfoteam/Betty/malpipeline/results/bam/D6-PC3_S218.sorted.bam
    wildcards: sample=D6-PC3_S218
    resources: tmpdir=/tmp

bcftools mpileup  -f /mnt/data/bioinfoteam/Betty/malpipeline/data/reference/malref6.fasta  /mnt/data/bioinfoteam/Betty/malpipeline/results/bam/D6-PC3_S218.sorted.bam | bcftools call -vm > /mnt/data/bioinfoteam/Betty/malpipeline/results/vcf/D6-PC3_S218.vcf
[Fri Oct 20 09:08:53 2023]
Finished job 7.
11 of 49 steps (22%) done
Select jobs to execute...

[Fri Oct 20 09:08:53 2023]
rule tobam:
    input: /mnt/data/bioinfoteam/Betty/malpipeline/results/bam/7G8-PC4_S90_aln.sam
    output: /mnt/data/bioinfoteam/Betty/malpipeline/results/bam/7G8-PC4_S90_aln.bam
    jobid: 6
    reason: Missing output files: /mnt/data/bioinfoteam/Betty/malpipeline/results/bam/7G8-PC4_S90_aln.bam; Input files updated by another job: /mnt/data/bioinfoteam/Betty/malpipeline/results/bam/7G8-PC4_S90_aln.sam
    wildcards: sample=7G8-PC4_S90
    resources: tmpdir=/tmp

samtools view -b /mnt/data/bioinfoteam/Betty/malpipeline/results/bam/7G8-PC4_S90_aln.sam -o /mnt/data/bioinfoteam/Betty/malpipeline/results/bam/7G8-PC4_S90_aln.bam
[Fri Oct 20 09:08:54 2023]
Finished job 39.
12 of 49 steps (24%) done
Select jobs to execute...

[Fri Oct 20 09:08:54 2023]
rule liftover:
    input: /mnt/data/bioinfoteam/Betty/malpipeline/results/vcf/D6-PC3_S218.vcf
    output: /mnt/data/bioinfoteam/Betty/malpipeline/results/vcf/aD6-PC3_S218.vcf
    jobid: 38
    reason: Missing output files: /mnt/data/bioinfoteam/Betty/malpipeline/results/vcf/aD6-PC3_S218.vcf; Input files updated by another job: /mnt/data/bioinfoteam/Betty/malpipeline/results/vcf/D6-PC3_S218.vcf
    wildcards: sample=D6-PC3_S218
    resources: tmpdir=/tmp


        sed -i 's;PfMDR1;5;'g /mnt/data/bioinfoteam/Betty/malpipeline/results/vcf/D6-PC3_S218.vcf
        sed -i 's;K13;13;'g /mnt/data/bioinfoteam/Betty/malpipeline/results/vcf/D6-PC3_S218.vcf
        sed -i 's;DHFR;4;'g /mnt/data/bioinfoteam/Betty/malpipeline/results/vcf/D6-PC3_S218.vcf
        sed -i 's;DHPS;8;'g /mnt/data/bioinfoteam/Betty/malpipeline/results/vcf/D6-PC3_S218.vcf
        sed -i 's;PfCRT;7;'g /mnt/data/bioinfoteam/Betty/malpipeline/results/vcf/D6-PC3_S218.vcf
        python /mnt/data/bioinfoteam/Betty/scripts/adjust2.py /mnt/data/bioinfoteam/Betty/malpipeline/results/vcf/D6-PC3_S218.vcf > /mnt/data/bioinfoteam/Betty/malpipeline/results/vcf/aD6-PC3_S218.vcf 
        
[Fri Oct 20 09:08:54 2023]
Finished job 27.
13 of 49 steps (27%) done
Select jobs to execute...

[Fri Oct 20 09:08:54 2023]
rule samtools_sort:
    input: /mnt/data/bioinfoteam/Betty/malpipeline/results/bam/D6-PC1_S89_aln.bam
    output: /mnt/data/bioinfoteam/Betty/malpipeline/results/bam/D6-PC1_S89.sorted.bam
    jobid: 26
    reason: Missing output files: /mnt/data/bioinfoteam/Betty/malpipeline/results/bam/D6-PC1_S89.sorted.bam; Input files updated by another job: /mnt/data/bioinfoteam/Betty/malpipeline/results/bam/D6-PC1_S89_aln.bam
    wildcards: sample=D6-PC1_S89
    resources: tmpdir=/tmp

samtools sort /mnt/data/bioinfoteam/Betty/malpipeline/results/bam/D6-PC1_S89_aln.bam -o /mnt/data/bioinfoteam/Betty/malpipeline/results/bam/D6-PC1_S89.sorted.bam
[Fri Oct 20 09:09:05 2023]
Finished job 6.
14 of 49 steps (29%) done
Select jobs to execute...

[Fri Oct 20 09:09:06 2023]
rule samtools_sort:
    input: /mnt/data/bioinfoteam/Betty/malpipeline/results/bam/7G8-PC4_S90_aln.bam
    output: /mnt/data/bioinfoteam/Betty/malpipeline/results/bam/7G8-PC4_S90.sorted.bam
    jobid: 5
    reason: Missing output files: /mnt/data/bioinfoteam/Betty/malpipeline/results/bam/7G8-PC4_S90.sorted.bam; Input files updated by another job: /mnt/data/bioinfoteam/Betty/malpipeline/results/bam/7G8-PC4_S90_aln.bam
    wildcards: sample=7G8-PC4_S90
    resources: tmpdir=/tmp

samtools sort /mnt/data/bioinfoteam/Betty/malpipeline/results/bam/7G8-PC4_S90_aln.bam -o /mnt/data/bioinfoteam/Betty/malpipeline/results/bam/7G8-PC4_S90.sorted.bam
[Fri Oct 20 09:09:06 2023]
Finished job 26.
15 of 49 steps (31%) done
[Fri Oct 20 09:09:07 2023]
Finished job 21.
16 of 49 steps (33%) done
Select jobs to execute...

[Fri Oct 20 09:09:07 2023]
rule tobam:
    input: /mnt/data/bioinfoteam/Betty/malpipeline/results/bam/7G8-PC6_S219_aln.sam
    output: /mnt/data/bioinfoteam/Betty/malpipeline/results/bam/7G8-PC6_S219_aln.bam
    jobid: 20
    reason: Missing output files: /mnt/data/bioinfoteam/Betty/malpipeline/results/bam/7G8-PC6_S219_aln.bam; Input files updated by another job: /mnt/data/bioinfoteam/Betty/malpipeline/results/bam/7G8-PC6_S219_aln.sam
    wildcards: sample=7G8-PC6_S219
    resources: tmpdir=/tmp

samtools view -b /mnt/data/bioinfoteam/Betty/malpipeline/results/bam/7G8-PC6_S219_aln.sam -o /mnt/data/bioinfoteam/Betty/malpipeline/results/bam/7G8-PC6_S219_aln.bam

[Fri Oct 20 09:09:07 2023]
rule call_vcf:
    input: /mnt/data/bioinfoteam/Betty/malpipeline/results/bam/D6-PC1_S89.sorted.bam
    output: /mnt/data/bioinfoteam/Betty/malpipeline/results/vcf/D6-PC1_S89.vcf
    jobid: 25
    reason: Missing output files: /mnt/data/bioinfoteam/Betty/malpipeline/results/vcf/D6-PC1_S89.vcf; Input files updated by another job: /mnt/data/bioinfoteam/Betty/malpipeline/results/bam/D6-PC1_S89.sorted.bam
    wildcards: sample=D6-PC1_S89
    resources: tmpdir=/tmp

bcftools mpileup  -f /mnt/data/bioinfoteam/Betty/malpipeline/data/reference/malref6.fasta  /mnt/data/bioinfoteam/Betty/malpipeline/results/bam/D6-PC1_S89.sorted.bam | bcftools call -vm > /mnt/data/bioinfoteam/Betty/malpipeline/results/vcf/D6-PC1_S89.vcf
[Fri Oct 20 09:09:07 2023]
Finished job 35.
17 of 49 steps (35%) done
[Fri Oct 20 09:09:07 2023]
Finished job 38.
18 of 49 steps (37%) done
Select jobs to execute...

[Fri Oct 20 09:09:08 2023]
rule tobam:
    input: /mnt/data/bioinfoteam/Betty/malpipeline/results/bam/D6-PC2_S35_aln.sam
    output: /mnt/data/bioinfoteam/Betty/malpipeline/results/bam/D6-PC2_S35_aln.bam
    jobid: 34
    reason: Missing output files: /mnt/data/bioinfoteam/Betty/malpipeline/results/bam/D6-PC2_S35_aln.bam; Input files updated by another job: /mnt/data/bioinfoteam/Betty/malpipeline/results/bam/D6-PC2_S35_aln.sam
    wildcards: sample=D6-PC2_S35
    resources: tmpdir=/tmp

samtools view -b /mnt/data/bioinfoteam/Betty/malpipeline/results/bam/D6-PC2_S35_aln.sam -o /mnt/data/bioinfoteam/Betty/malpipeline/results/bam/D6-PC2_S35_aln.bam

[Fri Oct 20 09:09:08 2023]
rule annotate:
    input: /mnt/data/bioinfoteam/Betty/malpipeline/results/vcf/aD6-PC3_S218.vcf, /mnt/data/bioinfoteam/Betty/snpEff/snpEff.jar, /mnt/data/bioinfoteam/Betty/snpEff/data/Plasmodium_falciparum_3, /mnt/data/bioinfoteam/Betty/snpEff/custom.config, /mnt/data/bioinfoteam/Betty/snpEff/data
    output: /mnt/data/bioinfoteam/Betty/malpipeline/results/ann3/D6-PC3_S218.ann
    jobid: 37
    reason: Missing output files: /mnt/data/bioinfoteam/Betty/malpipeline/results/ann3/D6-PC3_S218.ann; Input files updated by another job: /mnt/data/bioinfoteam/Betty/malpipeline/results/vcf/aD6-PC3_S218.vcf
    wildcards: sample=D6-PC3_S218
    resources: tmpdir=/tmp


       cd  /mnt/data/bioinfoteam/Betty/snpEff
       java -Djava.io.tmpdir=/mnt/data/bioinfoteam/Betty/tmpall/ -Xmx20G -jar /mnt/data/bioinfoteam/Betty/snpEff/snpEff.jar -c /mnt/data/bioinfoteam/Betty/snpEff/custom.config  Plasmodium_falciparum_3  -debug  /mnt/data/bioinfoteam/Betty/malpipeline/results/vcf/aD6-PC3_S218.vcf > /mnt/data/bioinfoteam/Betty/malpipeline/results/ann3/D6-PC3_S218.ann
       cd  /mnt/data/bioinfoteam/Betty/malpipeline/snake
       
[Fri Oct 20 09:09:09 2023]
Finished job 25.
19 of 49 steps (39%) done
Select jobs to execute...

[Fri Oct 20 09:09:09 2023]
rule liftover:
    input: /mnt/data/bioinfoteam/Betty/malpipeline/results/vcf/D6-PC1_S89.vcf
    output: /mnt/data/bioinfoteam/Betty/malpipeline/results/vcf/aD6-PC1_S89.vcf
    jobid: 24
    reason: Missing output files: /mnt/data/bioinfoteam/Betty/malpipeline/results/vcf/aD6-PC1_S89.vcf; Input files updated by another job: /mnt/data/bioinfoteam/Betty/malpipeline/results/vcf/D6-PC1_S89.vcf
    wildcards: sample=D6-PC1_S89
    resources: tmpdir=/tmp


        sed -i 's;PfMDR1;5;'g /mnt/data/bioinfoteam/Betty/malpipeline/results/vcf/D6-PC1_S89.vcf
        sed -i 's;K13;13;'g /mnt/data/bioinfoteam/Betty/malpipeline/results/vcf/D6-PC1_S89.vcf
        sed -i 's;DHFR;4;'g /mnt/data/bioinfoteam/Betty/malpipeline/results/vcf/D6-PC1_S89.vcf
        sed -i 's;DHPS;8;'g /mnt/data/bioinfoteam/Betty/malpipeline/results/vcf/D6-PC1_S89.vcf
        sed -i 's;PfCRT;7;'g /mnt/data/bioinfoteam/Betty/malpipeline/results/vcf/D6-PC1_S89.vcf
        python /mnt/data/bioinfoteam/Betty/scripts/adjust2.py /mnt/data/bioinfoteam/Betty/malpipeline/results/vcf/D6-PC1_S89.vcf > /mnt/data/bioinfoteam/Betty/malpipeline/results/vcf/aD6-PC1_S89.vcf 
        
[Fri Oct 20 09:09:15 2023]
Finished job 5.
20 of 49 steps (41%) done
Select jobs to execute...

[Fri Oct 20 09:09:15 2023]
rule call_vcf:
    input: /mnt/data/bioinfoteam/Betty/malpipeline/results/bam/7G8-PC4_S90.sorted.bam
    output: /mnt/data/bioinfoteam/Betty/malpipeline/results/vcf/7G8-PC4_S90.vcf
    jobid: 4
    reason: Missing output files: /mnt/data/bioinfoteam/Betty/malpipeline/results/vcf/7G8-PC4_S90.vcf; Input files updated by another job: /mnt/data/bioinfoteam/Betty/malpipeline/results/bam/7G8-PC4_S90.sorted.bam
    wildcards: sample=7G8-PC4_S90
    resources: tmpdir=/tmp

bcftools mpileup  -f /mnt/data/bioinfoteam/Betty/malpipeline/data/reference/malref6.fasta  /mnt/data/bioinfoteam/Betty/malpipeline/results/bam/7G8-PC4_S90.sorted.bam | bcftools call -vm > /mnt/data/bioinfoteam/Betty/malpipeline/results/vcf/7G8-PC4_S90.vcf
[Fri Oct 20 09:09:15 2023]
Finished job 20.
21 of 49 steps (43%) done
Select jobs to execute...

[Fri Oct 20 09:09:15 2023]
rule samtools_sort:
    input: /mnt/data/bioinfoteam/Betty/malpipeline/results/bam/7G8-PC6_S219_aln.bam
    output: /mnt/data/bioinfoteam/Betty/malpipeline/results/bam/7G8-PC6_S219.sorted.bam
    jobid: 19
    reason: Missing output files: /mnt/data/bioinfoteam/Betty/malpipeline/results/bam/7G8-PC6_S219.sorted.bam; Input files updated by another job: /mnt/data/bioinfoteam/Betty/malpipeline/results/bam/7G8-PC6_S219_aln.bam
    wildcards: sample=7G8-PC6_S219
    resources: tmpdir=/tmp

samtools sort /mnt/data/bioinfoteam/Betty/malpipeline/results/bam/7G8-PC6_S219_aln.bam -o /mnt/data/bioinfoteam/Betty/malpipeline/results/bam/7G8-PC6_S219.sorted.bam
[Fri Oct 20 09:09:17 2023]
Finished job 34.
22 of 49 steps (45%) done
[Fri Oct 20 09:09:17 2023]
Finished job 4.
23 of 49 steps (47%) done
Select jobs to execute...

[Fri Oct 20 09:09:17 2023]
rule samtools_sort:
    input: /mnt/data/bioinfoteam/Betty/malpipeline/results/bam/D6-PC2_S35_aln.bam
    output: /mnt/data/bioinfoteam/Betty/malpipeline/results/bam/D6-PC2_S35.sorted.bam
    jobid: 33
    reason: Missing output files: /mnt/data/bioinfoteam/Betty/malpipeline/results/bam/D6-PC2_S35.sorted.bam; Input files updated by another job: /mnt/data/bioinfoteam/Betty/malpipeline/results/bam/D6-PC2_S35_aln.bam
    wildcards: sample=D6-PC2_S35
    resources: tmpdir=/tmp

samtools sort /mnt/data/bioinfoteam/Betty/malpipeline/results/bam/D6-PC2_S35_aln.bam -o /mnt/data/bioinfoteam/Betty/malpipeline/results/bam/D6-PC2_S35.sorted.bam

[Fri Oct 20 09:09:17 2023]
rule liftover:
    input: /mnt/data/bioinfoteam/Betty/malpipeline/results/vcf/7G8-PC4_S90.vcf
    output: /mnt/data/bioinfoteam/Betty/malpipeline/results/vcf/a7G8-PC4_S90.vcf
    jobid: 3
    reason: Missing output files: /mnt/data/bioinfoteam/Betty/malpipeline/results/vcf/a7G8-PC4_S90.vcf; Input files updated by another job: /mnt/data/bioinfoteam/Betty/malpipeline/results/vcf/7G8-PC4_S90.vcf
    wildcards: sample=7G8-PC4_S90
    resources: tmpdir=/tmp


        sed -i 's;PfMDR1;5;'g /mnt/data/bioinfoteam/Betty/malpipeline/results/vcf/7G8-PC4_S90.vcf
        sed -i 's;K13;13;'g /mnt/data/bioinfoteam/Betty/malpipeline/results/vcf/7G8-PC4_S90.vcf
        sed -i 's;DHFR;4;'g /mnt/data/bioinfoteam/Betty/malpipeline/results/vcf/7G8-PC4_S90.vcf
        sed -i 's;DHPS;8;'g /mnt/data/bioinfoteam/Betty/malpipeline/results/vcf/7G8-PC4_S90.vcf
        sed -i 's;PfCRT;7;'g /mnt/data/bioinfoteam/Betty/malpipeline/results/vcf/7G8-PC4_S90.vcf
        python /mnt/data/bioinfoteam/Betty/scripts/adjust2.py /mnt/data/bioinfoteam/Betty/malpipeline/results/vcf/7G8-PC4_S90.vcf > /mnt/data/bioinfoteam/Betty/malpipeline/results/vcf/a7G8-PC4_S90.vcf 
        
[Fri Oct 20 09:09:18 2023]
Finished job 24.
24 of 49 steps (49%) done
Select jobs to execute...

[Fri Oct 20 09:09:18 2023]
rule annotate:
    input: /mnt/data/bioinfoteam/Betty/malpipeline/results/vcf/aD6-PC1_S89.vcf, /mnt/data/bioinfoteam/Betty/snpEff/snpEff.jar, /mnt/data/bioinfoteam/Betty/snpEff/data/Plasmodium_falciparum_3, /mnt/data/bioinfoteam/Betty/snpEff/custom.config, /mnt/data/bioinfoteam/Betty/snpEff/data
    output: /mnt/data/bioinfoteam/Betty/malpipeline/results/ann3/D6-PC1_S89.ann
    jobid: 23
    reason: Missing output files: /mnt/data/bioinfoteam/Betty/malpipeline/results/ann3/D6-PC1_S89.ann; Input files updated by another job: /mnt/data/bioinfoteam/Betty/malpipeline/results/vcf/aD6-PC1_S89.vcf
    wildcards: sample=D6-PC1_S89
    resources: tmpdir=/tmp


       cd  /mnt/data/bioinfoteam/Betty/snpEff
       java -Djava.io.tmpdir=/mnt/data/bioinfoteam/Betty/tmpall/ -Xmx20G -jar /mnt/data/bioinfoteam/Betty/snpEff/snpEff.jar -c /mnt/data/bioinfoteam/Betty/snpEff/custom.config  Plasmodium_falciparum_3  -debug  /mnt/data/bioinfoteam/Betty/malpipeline/results/vcf/aD6-PC1_S89.vcf > /mnt/data/bioinfoteam/Betty/malpipeline/results/ann3/D6-PC1_S89.ann
       cd  /mnt/data/bioinfoteam/Betty/malpipeline/snake
       
[Fri Oct 20 09:09:18 2023]
Finished job 3.
25 of 49 steps (51%) done
Select jobs to execute...

[Fri Oct 20 09:09:18 2023]
rule annotate:
    input: /mnt/data/bioinfoteam/Betty/malpipeline/results/vcf/a7G8-PC4_S90.vcf, /mnt/data/bioinfoteam/Betty/snpEff/snpEff.jar, /mnt/data/bioinfoteam/Betty/snpEff/data/Plasmodium_falciparum_3, /mnt/data/bioinfoteam/Betty/snpEff/custom.config, /mnt/data/bioinfoteam/Betty/snpEff/data
    output: /mnt/data/bioinfoteam/Betty/malpipeline/results/ann3/7G8-PC4_S90.ann
    jobid: 2
    reason: Missing output files: /mnt/data/bioinfoteam/Betty/malpipeline/results/ann3/7G8-PC4_S90.ann; Input files updated by another job: /mnt/data/bioinfoteam/Betty/malpipeline/results/vcf/a7G8-PC4_S90.vcf
    wildcards: sample=7G8-PC4_S90
    resources: tmpdir=/tmp


       cd  /mnt/data/bioinfoteam/Betty/snpEff
       java -Djava.io.tmpdir=/mnt/data/bioinfoteam/Betty/tmpall/ -Xmx20G -jar /mnt/data/bioinfoteam/Betty/snpEff/snpEff.jar -c /mnt/data/bioinfoteam/Betty/snpEff/custom.config  Plasmodium_falciparum_3  -debug  /mnt/data/bioinfoteam/Betty/malpipeline/results/vcf/a7G8-PC4_S90.vcf > /mnt/data/bioinfoteam/Betty/malpipeline/results/ann3/7G8-PC4_S90.ann
       cd  /mnt/data/bioinfoteam/Betty/malpipeline/snake
       
[Fri Oct 20 09:09:28 2023]
Finished job 23.
26 of 49 steps (53%) done
[Fri Oct 20 09:09:31 2023]
Finished job 2.
27 of 49 steps (55%) done
[Fri Oct 20 09:09:31 2023]
Finished job 19.
28 of 49 steps (57%) done
Select jobs to execute...

[Fri Oct 20 09:09:31 2023]
rule call_vcf:
    input: /mnt/data/bioinfoteam/Betty/malpipeline/results/bam/7G8-PC6_S219.sorted.bam
    output: /mnt/data/bioinfoteam/Betty/malpipeline/results/vcf/7G8-PC6_S219.vcf
    jobid: 18
    reason: Missing output files: /mnt/data/bioinfoteam/Betty/malpipeline/results/vcf/7G8-PC6_S219.vcf; Input files updated by another job: /mnt/data/bioinfoteam/Betty/malpipeline/results/bam/7G8-PC6_S219.sorted.bam
    wildcards: sample=7G8-PC6_S219
    resources: tmpdir=/tmp

bcftools mpileup  -f /mnt/data/bioinfoteam/Betty/malpipeline/data/reference/malref6.fasta  /mnt/data/bioinfoteam/Betty/malpipeline/results/bam/7G8-PC6_S219.sorted.bam | bcftools call -vm > /mnt/data/bioinfoteam/Betty/malpipeline/results/vcf/7G8-PC6_S219.vcf
[Fri Oct 20 09:09:31 2023]
Finished job 33.
29 of 49 steps (59%) done
[Fri Oct 20 09:09:31 2023]
Finished job 37.
30 of 49 steps (61%) done
Select jobs to execute...

[Fri Oct 20 09:09:31 2023]
rule call_vcf:
    input: /mnt/data/bioinfoteam/Betty/malpipeline/results/bam/D6-PC2_S35.sorted.bam
    output: /mnt/data/bioinfoteam/Betty/malpipeline/results/vcf/D6-PC2_S35.vcf
    jobid: 32
    reason: Missing output files: /mnt/data/bioinfoteam/Betty/malpipeline/results/vcf/D6-PC2_S35.vcf; Input files updated by another job: /mnt/data/bioinfoteam/Betty/malpipeline/results/bam/D6-PC2_S35.sorted.bam
    wildcards: sample=D6-PC2_S35
    resources: tmpdir=/tmp

bcftools mpileup  -f /mnt/data/bioinfoteam/Betty/malpipeline/data/reference/malref6.fasta  /mnt/data/bioinfoteam/Betty/malpipeline/results/bam/D6-PC2_S35.sorted.bam | bcftools call -vm > /mnt/data/bioinfoteam/Betty/malpipeline/results/vcf/D6-PC2_S35.vcf
[Fri Oct 20 09:09:32 2023]
Finished job 18.
31 of 49 steps (63%) done
Select jobs to execute...

[Fri Oct 20 09:09:32 2023]
rule liftover:
    input: /mnt/data/bioinfoteam/Betty/malpipeline/results/vcf/7G8-PC6_S219.vcf
    output: /mnt/data/bioinfoteam/Betty/malpipeline/results/vcf/a7G8-PC6_S219.vcf
    jobid: 17
    reason: Missing output files: /mnt/data/bioinfoteam/Betty/malpipeline/results/vcf/a7G8-PC6_S219.vcf; Input files updated by another job: /mnt/data/bioinfoteam/Betty/malpipeline/results/vcf/7G8-PC6_S219.vcf
    wildcards: sample=7G8-PC6_S219
    resources: tmpdir=/tmp


        sed -i 's;PfMDR1;5;'g /mnt/data/bioinfoteam/Betty/malpipeline/results/vcf/7G8-PC6_S219.vcf
        sed -i 's;K13;13;'g /mnt/data/bioinfoteam/Betty/malpipeline/results/vcf/7G8-PC6_S219.vcf
        sed -i 's;DHFR;4;'g /mnt/data/bioinfoteam/Betty/malpipeline/results/vcf/7G8-PC6_S219.vcf
        sed -i 's;DHPS;8;'g /mnt/data/bioinfoteam/Betty/malpipeline/results/vcf/7G8-PC6_S219.vcf
        sed -i 's;PfCRT;7;'g /mnt/data/bioinfoteam/Betty/malpipeline/results/vcf/7G8-PC6_S219.vcf
        python /mnt/data/bioinfoteam/Betty/scripts/adjust2.py /mnt/data/bioinfoteam/Betty/malpipeline/results/vcf/7G8-PC6_S219.vcf > /mnt/data/bioinfoteam/Betty/malpipeline/results/vcf/a7G8-PC6_S219.vcf 
        
[Fri Oct 20 09:09:32 2023]
Finished job 32.
32 of 49 steps (65%) done
Select jobs to execute...

[Fri Oct 20 09:09:32 2023]
rule liftover:
    input: /mnt/data/bioinfoteam/Betty/malpipeline/results/vcf/D6-PC2_S35.vcf
    output: /mnt/data/bioinfoteam/Betty/malpipeline/results/vcf/aD6-PC2_S35.vcf
    jobid: 31
    reason: Missing output files: /mnt/data/bioinfoteam/Betty/malpipeline/results/vcf/aD6-PC2_S35.vcf; Input files updated by another job: /mnt/data/bioinfoteam/Betty/malpipeline/results/vcf/D6-PC2_S35.vcf
    wildcards: sample=D6-PC2_S35
    resources: tmpdir=/tmp


        sed -i 's;PfMDR1;5;'g /mnt/data/bioinfoteam/Betty/malpipeline/results/vcf/D6-PC2_S35.vcf
        sed -i 's;K13;13;'g /mnt/data/bioinfoteam/Betty/malpipeline/results/vcf/D6-PC2_S35.vcf
        sed -i 's;DHFR;4;'g /mnt/data/bioinfoteam/Betty/malpipeline/results/vcf/D6-PC2_S35.vcf
        sed -i 's;DHPS;8;'g /mnt/data/bioinfoteam/Betty/malpipeline/results/vcf/D6-PC2_S35.vcf
        sed -i 's;PfCRT;7;'g /mnt/data/bioinfoteam/Betty/malpipeline/results/vcf/D6-PC2_S35.vcf
        python /mnt/data/bioinfoteam/Betty/scripts/adjust2.py /mnt/data/bioinfoteam/Betty/malpipeline/results/vcf/D6-PC2_S35.vcf > /mnt/data/bioinfoteam/Betty/malpipeline/results/vcf/aD6-PC2_S35.vcf 
        
[Fri Oct 20 09:09:32 2023]
Finished job 17.
33 of 49 steps (67%) done
Select jobs to execute...

[Fri Oct 20 09:09:32 2023]
rule annotate:
    input: /mnt/data/bioinfoteam/Betty/malpipeline/results/vcf/a7G8-PC6_S219.vcf, /mnt/data/bioinfoteam/Betty/snpEff/snpEff.jar, /mnt/data/bioinfoteam/Betty/snpEff/data/Plasmodium_falciparum_3, /mnt/data/bioinfoteam/Betty/snpEff/custom.config, /mnt/data/bioinfoteam/Betty/snpEff/data
    output: /mnt/data/bioinfoteam/Betty/malpipeline/results/ann3/7G8-PC6_S219.ann
    jobid: 16
    reason: Missing output files: /mnt/data/bioinfoteam/Betty/malpipeline/results/ann3/7G8-PC6_S219.ann; Input files updated by another job: /mnt/data/bioinfoteam/Betty/malpipeline/results/vcf/a7G8-PC6_S219.vcf
    wildcards: sample=7G8-PC6_S219
    resources: tmpdir=/tmp


       cd  /mnt/data/bioinfoteam/Betty/snpEff
       java -Djava.io.tmpdir=/mnt/data/bioinfoteam/Betty/tmpall/ -Xmx20G -jar /mnt/data/bioinfoteam/Betty/snpEff/snpEff.jar -c /mnt/data/bioinfoteam/Betty/snpEff/custom.config  Plasmodium_falciparum_3  -debug  /mnt/data/bioinfoteam/Betty/malpipeline/results/vcf/a7G8-PC6_S219.vcf > /mnt/data/bioinfoteam/Betty/malpipeline/results/ann3/7G8-PC6_S219.ann
       cd  /mnt/data/bioinfoteam/Betty/malpipeline/snake
       
[Fri Oct 20 09:09:32 2023]
Finished job 31.
34 of 49 steps (69%) done
Select jobs to execute...

[Fri Oct 20 09:09:32 2023]
rule annotate:
    input: /mnt/data/bioinfoteam/Betty/malpipeline/results/vcf/aD6-PC2_S35.vcf, /mnt/data/bioinfoteam/Betty/snpEff/snpEff.jar, /mnt/data/bioinfoteam/Betty/snpEff/data/Plasmodium_falciparum_3, /mnt/data/bioinfoteam/Betty/snpEff/custom.config, /mnt/data/bioinfoteam/Betty/snpEff/data
    output: /mnt/data/bioinfoteam/Betty/malpipeline/results/ann3/D6-PC2_S35.ann
    jobid: 30
    reason: Missing output files: /mnt/data/bioinfoteam/Betty/malpipeline/results/ann3/D6-PC2_S35.ann; Input files updated by another job: /mnt/data/bioinfoteam/Betty/malpipeline/results/vcf/aD6-PC2_S35.vcf
    wildcards: sample=D6-PC2_S35
    resources: tmpdir=/tmp


       cd  /mnt/data/bioinfoteam/Betty/snpEff
       java -Djava.io.tmpdir=/mnt/data/bioinfoteam/Betty/tmpall/ -Xmx20G -jar /mnt/data/bioinfoteam/Betty/snpEff/snpEff.jar -c /mnt/data/bioinfoteam/Betty/snpEff/custom.config  Plasmodium_falciparum_3  -debug  /mnt/data/bioinfoteam/Betty/malpipeline/results/vcf/aD6-PC2_S35.vcf > /mnt/data/bioinfoteam/Betty/malpipeline/results/ann3/D6-PC2_S35.ann
       cd  /mnt/data/bioinfoteam/Betty/malpipeline/snake
       
[Fri Oct 20 09:09:38 2023]
Finished job 14.
35 of 49 steps (71%) done
Select jobs to execute...

[Fri Oct 20 09:09:38 2023]
rule tobam:
    input: /mnt/data/bioinfoteam/Betty/malpipeline/results/bam/7G8-PC5_S37_aln.sam
    output: /mnt/data/bioinfoteam/Betty/malpipeline/results/bam/7G8-PC5_S37_aln.bam
    jobid: 13
    reason: Missing output files: /mnt/data/bioinfoteam/Betty/malpipeline/results/bam/7G8-PC5_S37_aln.bam; Input files updated by another job: /mnt/data/bioinfoteam/Betty/malpipeline/results/bam/7G8-PC5_S37_aln.sam
    wildcards: sample=7G8-PC5_S37
    resources: tmpdir=/tmp

samtools view -b /mnt/data/bioinfoteam/Betty/malpipeline/results/bam/7G8-PC5_S37_aln.sam -o /mnt/data/bioinfoteam/Betty/malpipeline/results/bam/7G8-PC5_S37_aln.bam
[Fri Oct 20 09:09:38 2023]
Finished job 16.
36 of 49 steps (73%) done
[Fri Oct 20 09:09:39 2023]
Finished job 30.
37 of 49 steps (76%) done
[Fri Oct 20 09:09:56 2023]
Finished job 13.
38 of 49 steps (78%) done
Select jobs to execute...

[Fri Oct 20 09:09:56 2023]
rule samtools_sort:
    input: /mnt/data/bioinfoteam/Betty/malpipeline/results/bam/7G8-PC5_S37_aln.bam
    output: /mnt/data/bioinfoteam/Betty/malpipeline/results/bam/7G8-PC5_S37.sorted.bam
    jobid: 12
    reason: Missing output files: /mnt/data/bioinfoteam/Betty/malpipeline/results/bam/7G8-PC5_S37.sorted.bam; Input files updated by another job: /mnt/data/bioinfoteam/Betty/malpipeline/results/bam/7G8-PC5_S37_aln.bam
    wildcards: sample=7G8-PC5_S37
    resources: tmpdir=/tmp

samtools sort /mnt/data/bioinfoteam/Betty/malpipeline/results/bam/7G8-PC5_S37_aln.bam -o /mnt/data/bioinfoteam/Betty/malpipeline/results/bam/7G8-PC5_S37.sorted.bam
[Fri Oct 20 09:10:20 2023]
Finished job 12.
39 of 49 steps (80%) done
Select jobs to execute...

[Fri Oct 20 09:10:20 2023]
rule call_vcf:
    input: /mnt/data/bioinfoteam/Betty/malpipeline/results/bam/7G8-PC5_S37.sorted.bam
    output: /mnt/data/bioinfoteam/Betty/malpipeline/results/vcf/7G8-PC5_S37.vcf
    jobid: 11
    reason: Missing output files: /mnt/data/bioinfoteam/Betty/malpipeline/results/vcf/7G8-PC5_S37.vcf; Input files updated by another job: /mnt/data/bioinfoteam/Betty/malpipeline/results/bam/7G8-PC5_S37.sorted.bam
    wildcards: sample=7G8-PC5_S37
    resources: tmpdir=/tmp

bcftools mpileup  -f /mnt/data/bioinfoteam/Betty/malpipeline/data/reference/malref6.fasta  /mnt/data/bioinfoteam/Betty/malpipeline/results/bam/7G8-PC5_S37.sorted.bam | bcftools call -vm > /mnt/data/bioinfoteam/Betty/malpipeline/results/vcf/7G8-PC5_S37.vcf
[Fri Oct 20 09:10:23 2023]
Finished job 11.
40 of 49 steps (82%) done
Select jobs to execute...

[Fri Oct 20 09:10:23 2023]
rule liftover:
    input: /mnt/data/bioinfoteam/Betty/malpipeline/results/vcf/7G8-PC5_S37.vcf
    output: /mnt/data/bioinfoteam/Betty/malpipeline/results/vcf/a7G8-PC5_S37.vcf
    jobid: 10
    reason: Missing output files: /mnt/data/bioinfoteam/Betty/malpipeline/results/vcf/a7G8-PC5_S37.vcf; Input files updated by another job: /mnt/data/bioinfoteam/Betty/malpipeline/results/vcf/7G8-PC5_S37.vcf
    wildcards: sample=7G8-PC5_S37
    resources: tmpdir=/tmp


        sed -i 's;PfMDR1;5;'g /mnt/data/bioinfoteam/Betty/malpipeline/results/vcf/7G8-PC5_S37.vcf
        sed -i 's;K13;13;'g /mnt/data/bioinfoteam/Betty/malpipeline/results/vcf/7G8-PC5_S37.vcf
        sed -i 's;DHFR;4;'g /mnt/data/bioinfoteam/Betty/malpipeline/results/vcf/7G8-PC5_S37.vcf
        sed -i 's;DHPS;8;'g /mnt/data/bioinfoteam/Betty/malpipeline/results/vcf/7G8-PC5_S37.vcf
        sed -i 's;PfCRT;7;'g /mnt/data/bioinfoteam/Betty/malpipeline/results/vcf/7G8-PC5_S37.vcf
        python /mnt/data/bioinfoteam/Betty/scripts/adjust2.py /mnt/data/bioinfoteam/Betty/malpipeline/results/vcf/7G8-PC5_S37.vcf > /mnt/data/bioinfoteam/Betty/malpipeline/results/vcf/a7G8-PC5_S37.vcf 
        
[Fri Oct 20 09:10:23 2023]
Finished job 10.
41 of 49 steps (84%) done
Select jobs to execute...

[Fri Oct 20 09:10:23 2023]
rule annotate:
    input: /mnt/data/bioinfoteam/Betty/malpipeline/results/vcf/a7G8-PC5_S37.vcf, /mnt/data/bioinfoteam/Betty/snpEff/snpEff.jar, /mnt/data/bioinfoteam/Betty/snpEff/data/Plasmodium_falciparum_3, /mnt/data/bioinfoteam/Betty/snpEff/custom.config, /mnt/data/bioinfoteam/Betty/snpEff/data
    output: /mnt/data/bioinfoteam/Betty/malpipeline/results/ann3/7G8-PC5_S37.ann
    jobid: 9
    reason: Missing output files: /mnt/data/bioinfoteam/Betty/malpipeline/results/ann3/7G8-PC5_S37.ann; Input files updated by another job: /mnt/data/bioinfoteam/Betty/malpipeline/results/vcf/a7G8-PC5_S37.vcf
    wildcards: sample=7G8-PC5_S37
    resources: tmpdir=/tmp


       cd  /mnt/data/bioinfoteam/Betty/snpEff
       java -Djava.io.tmpdir=/mnt/data/bioinfoteam/Betty/tmpall/ -Xmx20G -jar /mnt/data/bioinfoteam/Betty/snpEff/snpEff.jar -c /mnt/data/bioinfoteam/Betty/snpEff/custom.config  Plasmodium_falciparum_3  -debug  /mnt/data/bioinfoteam/Betty/malpipeline/results/vcf/a7G8-PC5_S37.vcf > /mnt/data/bioinfoteam/Betty/malpipeline/results/ann3/7G8-PC5_S37.ann
       cd  /mnt/data/bioinfoteam/Betty/malpipeline/snake
       
[Fri Oct 20 09:10:27 2023]
Finished job 9.
42 of 49 steps (86%) done
Select jobs to execute...

[Fri Oct 20 09:10:27 2023]
rule extract_snpeff_info:
    input: /mnt/data/bioinfoteam/Betty/malpipeline/results/ann3/7G8-PC4_S90.ann, /mnt/data/bioinfoteam/Betty/malpipeline/results/ann3/7G8-PC5_S37.ann, /mnt/data/bioinfoteam/Betty/malpipeline/results/ann3/7G8-PC6_S219.ann, /mnt/data/bioinfoteam/Betty/malpipeline/results/ann3/D6-PC1_S89.ann, /mnt/data/bioinfoteam/Betty/malpipeline/results/ann3/D6-PC2_S35.ann, /mnt/data/bioinfoteam/Betty/malpipeline/results/ann3/D6-PC3_S218.ann
    output: /mnt/data/bioinfoteam/Betty/malpipeline/results/ann3/7G8-PC6_S219.csv
    jobid: 45
    reason: Missing output files: /mnt/data/bioinfoteam/Betty/malpipeline/results/ann3/7G8-PC6_S219.csv; Input files updated by another job: /mnt/data/bioinfoteam/Betty/malpipeline/results/ann3/7G8-PC4_S90.ann, /mnt/data/bioinfoteam/Betty/malpipeline/results/ann3/7G8-PC5_S37.ann, /mnt/data/bioinfoteam/Betty/malpipeline/results/ann3/D6-PC3_S218.ann, /mnt/data/bioinfoteam/Betty/malpipeline/results/ann3/D6-PC2_S35.ann, /mnt/data/bioinfoteam/Betty/malpipeline/results/ann3/D6-PC1_S89.ann, /mnt/data/bioinfoteam/Betty/malpipeline/results/ann3/7G8-PC6_S219.ann
    wildcards: sample=7G8-PC6_S219
    resources: tmpdir=/tmp

[Fri Oct 20 09:10:27 2023]
rule extract_snpeff_info:
    input: /mnt/data/bioinfoteam/Betty/malpipeline/results/ann3/7G8-PC4_S90.ann, /mnt/data/bioinfoteam/Betty/malpipeline/results/ann3/7G8-PC5_S37.ann, /mnt/data/bioinfoteam/Betty/malpipeline/results/ann3/7G8-PC6_S219.ann, /mnt/data/bioinfoteam/Betty/malpipeline/results/ann3/D6-PC1_S89.ann, /mnt/data/bioinfoteam/Betty/malpipeline/results/ann3/D6-PC2_S35.ann, /mnt/data/bioinfoteam/Betty/malpipeline/results/ann3/D6-PC3_S218.ann
    output: /mnt/data/bioinfoteam/Betty/malpipeline/results/ann3/D6-PC2_S35.csv
    jobid: 47
    reason: Missing output files: /mnt/data/bioinfoteam/Betty/malpipeline/results/ann3/D6-PC2_S35.csv; Input files updated by another job: /mnt/data/bioinfoteam/Betty/malpipeline/results/ann3/7G8-PC4_S90.ann, /mnt/data/bioinfoteam/Betty/malpipeline/results/ann3/7G8-PC5_S37.ann, /mnt/data/bioinfoteam/Betty/malpipeline/results/ann3/D6-PC3_S218.ann, /mnt/data/bioinfoteam/Betty/malpipeline/results/ann3/D6-PC2_S35.ann, /mnt/data/bioinfoteam/Betty/malpipeline/results/ann3/D6-PC1_S89.ann, /mnt/data/bioinfoteam/Betty/malpipeline/results/ann3/7G8-PC6_S219.ann
    wildcards: sample=D6-PC2_S35
    resources: tmpdir=/tmp

[Fri Oct 20 09:10:27 2023]
rule extract_snpeff_info:
    input: /mnt/data/bioinfoteam/Betty/malpipeline/results/ann3/7G8-PC4_S90.ann, /mnt/data/bioinfoteam/Betty/malpipeline/results/ann3/7G8-PC5_S37.ann, /mnt/data/bioinfoteam/Betty/malpipeline/results/ann3/7G8-PC6_S219.ann, /mnt/data/bioinfoteam/Betty/malpipeline/results/ann3/D6-PC1_S89.ann, /mnt/data/bioinfoteam/Betty/malpipeline/results/ann3/D6-PC2_S35.ann, /mnt/data/bioinfoteam/Betty/malpipeline/results/ann3/D6-PC3_S218.ann
    output: /mnt/data/bioinfoteam/Betty/malpipeline/results/ann3/7G8-PC4_S90.csv
    jobid: 1
    reason: Missing output files: /mnt/data/bioinfoteam/Betty/malpipeline/results/ann3/7G8-PC4_S90.csv; Input files updated by another job: /mnt/data/bioinfoteam/Betty/malpipeline/results/ann3/7G8-PC4_S90.ann, /mnt/data/bioinfoteam/Betty/malpipeline/results/ann3/7G8-PC5_S37.ann, /mnt/data/bioinfoteam/Betty/malpipeline/results/ann3/D6-PC3_S218.ann, /mnt/data/bioinfoteam/Betty/malpipeline/results/ann3/D6-PC2_S35.ann, /mnt/data/bioinfoteam/Betty/malpipeline/results/ann3/D6-PC1_S89.ann, /mnt/data/bioinfoteam/Betty/malpipeline/results/ann3/7G8-PC6_S219.ann
    wildcards: sample=7G8-PC4_S90
    resources: tmpdir=/tmp

[Fri Oct 20 09:10:27 2023]
rule extract_snpeff_info:
    input: /mnt/data/bioinfoteam/Betty/malpipeline/results/ann3/7G8-PC4_S90.ann, /mnt/data/bioinfoteam/Betty/malpipeline/results/ann3/7G8-PC5_S37.ann, /mnt/data/bioinfoteam/Betty/malpipeline/results/ann3/7G8-PC6_S219.ann, /mnt/data/bioinfoteam/Betty/malpipeline/results/ann3/D6-PC1_S89.ann, /mnt/data/bioinfoteam/Betty/malpipeline/results/ann3/D6-PC2_S35.ann, /mnt/data/bioinfoteam/Betty/malpipeline/results/ann3/D6-PC3_S218.ann
    output: /mnt/data/bioinfoteam/Betty/malpipeline/results/ann3/7G8-PC5_S37.csv
    jobid: 44
    reason: Missing output files: /mnt/data/bioinfoteam/Betty/malpipeline/results/ann3/7G8-PC5_S37.csv; Input files updated by another job: /mnt/data/bioinfoteam/Betty/malpipeline/results/ann3/7G8-PC4_S90.ann, /mnt/data/bioinfoteam/Betty/malpipeline/results/ann3/7G8-PC5_S37.ann, /mnt/data/bioinfoteam/Betty/malpipeline/results/ann3/D6-PC3_S218.ann, /mnt/data/bioinfoteam/Betty/malpipeline/results/ann3/D6-PC2_S35.ann, /mnt/data/bioinfoteam/Betty/malpipeline/results/ann3/D6-PC1_S89.ann, /mnt/data/bioinfoteam/Betty/malpipeline/results/ann3/7G8-PC6_S219.ann
    wildcards: sample=7G8-PC5_S37
    resources: tmpdir=/tmp

[Fri Oct 20 09:10:27 2023]
rule extract_snpeff_info:
    input: /mnt/data/bioinfoteam/Betty/malpipeline/results/ann3/7G8-PC4_S90.ann, /mnt/data/bioinfoteam/Betty/malpipeline/results/ann3/7G8-PC5_S37.ann, /mnt/data/bioinfoteam/Betty/malpipeline/results/ann3/7G8-PC6_S219.ann, /mnt/data/bioinfoteam/Betty/malpipeline/results/ann3/D6-PC1_S89.ann, /mnt/data/bioinfoteam/Betty/malpipeline/results/ann3/D6-PC2_S35.ann, /mnt/data/bioinfoteam/Betty/malpipeline/results/ann3/D6-PC3_S218.ann
    output: /mnt/data/bioinfoteam/Betty/malpipeline/results/ann3/D6-PC1_S89.csv
    jobid: 46
    reason: Missing output files: /mnt/data/bioinfoteam/Betty/malpipeline/results/ann3/D6-PC1_S89.csv; Input files updated by another job: /mnt/data/bioinfoteam/Betty/malpipeline/results/ann3/7G8-PC4_S90.ann, /mnt/data/bioinfoteam/Betty/malpipeline/results/ann3/7G8-PC5_S37.ann, /mnt/data/bioinfoteam/Betty/malpipeline/results/ann3/D6-PC3_S218.ann, /mnt/data/bioinfoteam/Betty/malpipeline/results/ann3/D6-PC2_S35.ann, /mnt/data/bioinfoteam/Betty/malpipeline/results/ann3/D6-PC1_S89.ann, /mnt/data/bioinfoteam/Betty/malpipeline/results/ann3/7G8-PC6_S219.ann
    wildcards: sample=D6-PC1_S89
    resources: tmpdir=/tmp

[Fri Oct 20 09:10:27 2023]
rule extract_snpeff_info:
    input: /mnt/data/bioinfoteam/Betty/malpipeline/results/ann3/7G8-PC4_S90.ann, /mnt/data/bioinfoteam/Betty/malpipeline/results/ann3/7G8-PC5_S37.ann, /mnt/data/bioinfoteam/Betty/malpipeline/results/ann3/7G8-PC6_S219.ann, /mnt/data/bioinfoteam/Betty/malpipeline/results/ann3/D6-PC1_S89.ann, /mnt/data/bioinfoteam/Betty/malpipeline/results/ann3/D6-PC2_S35.ann, /mnt/data/bioinfoteam/Betty/malpipeline/results/ann3/D6-PC3_S218.ann
    output: /mnt/data/bioinfoteam/Betty/malpipeline/results/ann3/D6-PC3_S218.csv
    jobid: 48
    reason: Missing output files: /mnt/data/bioinfoteam/Betty/malpipeline/results/ann3/D6-PC3_S218.csv; Input files updated by another job: /mnt/data/bioinfoteam/Betty/malpipeline/results/ann3/7G8-PC4_S90.ann, /mnt/data/bioinfoteam/Betty/malpipeline/results/ann3/7G8-PC5_S37.ann, /mnt/data/bioinfoteam/Betty/malpipeline/results/ann3/D6-PC3_S218.ann, /mnt/data/bioinfoteam/Betty/malpipeline/results/ann3/D6-PC2_S35.ann, /mnt/data/bioinfoteam/Betty/malpipeline/results/ann3/D6-PC1_S89.ann, /mnt/data/bioinfoteam/Betty/malpipeline/results/ann3/7G8-PC6_S219.ann
    wildcards: sample=D6-PC3_S218
    resources: tmpdir=/tmp

/mnt/data/bioinfoteam/Betty/anaconda3b/envs/mala/bin/python3.8 /mnt/data/bioinfoteam/Betty/malpipeline/snake/.snakemake/scripts/tmpbyhgog7b.anntocsv.py
/mnt/data/bioinfoteam/Betty/anaconda3b/envs/mala/bin/python3.8 /mnt/data/bioinfoteam/Betty/malpipeline/snake/.snakemake/scripts/tmp_enli21h.anntocsv.py
/mnt/data/bioinfoteam/Betty/anaconda3b/envs/mala/bin/python3.8 /mnt/data/bioinfoteam/Betty/malpipeline/snake/.snakemake/scripts/tmpo5i3xd3s.anntocsv.py
/mnt/data/bioinfoteam/Betty/anaconda3b/envs/mala/bin/python3.8 /mnt/data/bioinfoteam/Betty/malpipeline/snake/.snakemake/scripts/tmpkwh04irc.anntocsv.py
/mnt/data/bioinfoteam/Betty/anaconda3b/envs/mala/bin/python3.8 /mnt/data/bioinfoteam/Betty/malpipeline/snake/.snakemake/scripts/tmp_6m6s5e_.anntocsv.py
/mnt/data/bioinfoteam/Betty/anaconda3b/envs/mala/bin/python3.8 /mnt/data/bioinfoteam/Betty/malpipeline/snake/.snakemake/scripts/tmplfc9udru.anntocsv.py
[Fri Oct 20 09:10:29 2023]
Finished job 44.
43 of 49 steps (88%) done
[Fri Oct 20 09:10:29 2023]
Finished job 48.
44 of 49 steps (90%) done
[Fri Oct 20 09:10:29 2023]
Finished job 45.
45 of 49 steps (92%) done
[Fri Oct 20 09:10:29 2023]
Finished job 1.
46 of 49 steps (94%) done
[Fri Oct 20 09:10:29 2023]
Finished job 46.
47 of 49 steps (96%) done
[Fri Oct 20 09:10:29 2023]
Finished job 47.
48 of 49 steps (98%) done
Select jobs to execute...

[Fri Oct 20 09:10:29 2023]
localrule all:
    input: /mnt/data/bioinfoteam/Betty/malpipeline/results/ann3/7G8-PC4_S90.csv, /mnt/data/bioinfoteam/Betty/malpipeline/results/ann3/7G8-PC5_S37.csv, /mnt/data/bioinfoteam/Betty/malpipeline/results/ann3/7G8-PC6_S219.csv, /mnt/data/bioinfoteam/Betty/malpipeline/results/ann3/D6-PC1_S89.csv, /mnt/data/bioinfoteam/Betty/malpipeline/results/ann3/D6-PC2_S35.csv, /mnt/data/bioinfoteam/Betty/malpipeline/results/ann3/D6-PC3_S218.csv
    jobid: 0
    reason: Input files updated by another job: /mnt/data/bioinfoteam/Betty/malpipeline/results/ann3/D6-PC2_S35.csv, /mnt/data/bioinfoteam/Betty/malpipeline/results/ann3/D6-PC1_S89.csv, /mnt/data/bioinfoteam/Betty/malpipeline/results/ann3/7G8-PC4_S90.csv, /mnt/data/bioinfoteam/Betty/malpipeline/results/ann3/D6-PC3_S218.csv, /mnt/data/bioinfoteam/Betty/malpipeline/results/ann3/7G8-PC5_S37.csv, /mnt/data/bioinfoteam/Betty/malpipeline/results/ann3/7G8-PC6_S219.csv
    resources: tmpdir=/tmp

[Fri Oct 20 09:10:29 2023]
Finished job 0.
49 of 49 steps (100%) done
Complete log: .snakemake/log/2023-10-20T090824.688171.snakemake.log
