Building DAG of jobs...
Using shell: /usr/bin/bash
Provided cores: 8
Rules claiming more threads will be scaled down.
Job stats:
job      count    min threads    max threads
-----  -------  -------------  -------------
all          1              1              1
total        1              1              1

Select jobs to execute...

[Wed Oct 11 08:29:41 2023]
localrule all:
    input: /mnt/data/bioinfoteam/Betty/malpipeline/results/ann3/7G8-PC4_S90.ann, /mnt/data/bioinfoteam/Betty/malpipeline/results/ann3/7G8-PC5_S37.ann, /mnt/data/bioinfoteam/Betty/malpipeline/results/ann3/7G8-PC6_S219.ann, /mnt/data/bioinfoteam/Betty/malpipeline/results/ann3/D6-PC1_S89.ann, /mnt/data/bioinfoteam/Betty/malpipeline/results/ann3/D6-PC2_S35.ann, /mnt/data/bioinfoteam/Betty/malpipeline/results/ann3/D6-PC3_S218.ann
    jobid: 0
    reason: Forced execution
    resources: tmpdir=/tmp

[Wed Oct 11 08:29:43 2023]
Finished job 0.
1 of 1 steps (100%) done
Complete log: .snakemake/log/2023-10-11T082941.077483.snakemake.log
