Building DAG of jobs...
Using shell: /usr/bin/bash
Provided cores: 8
Rules claiming more threads will be scaled down.
Job stats:
job               count    min threads    max threads
--------------  -------  -------------  -------------
create_folders        1              1              1
total                 1              1              1

Select jobs to execute...

[Tue Sep  5 07:19:21 2023]
rule create_folders:
    output: /mnt/data/bioinfoteam/Betty/malpipeline/results/{params.prefix}
    jobid: 0
    reason: Missing output files: /mnt/data/bioinfoteam/Betty/malpipeline/results/{params.prefix}
    resources: tmpdir=/tmp

[Tue Sep  5 07:19:23 2023]
Finished job 0.
1 of 1 steps (100%) done
Complete log: .snakemake/log/2023-09-05T071920.691841.snakemake.log
