Building DAG of jobs...
Using shell: /usr/bin/bash
Provided cores: 8
Rules claiming more threads will be scaled down.
Job stats:
job              count    min threads    max threads
-------------  -------  -------------  -------------
all                  1              1              1
annotate             6              1              1
bbduk                6              1              1
bowtie               6              1              1
call_vcf             6              1              1
liftover             6              1              1
samtools_sort        6              1              1
tobam                6              1              1
total               43              1              1

Select jobs to execute...

[Wed Oct 11 05:18:00 2023]
rule bbduk:
    input: /mnt/data/bioinfoteam/Betty/malpipeline/data/fastq/D6-PC3_S218_R1_001.fastq.gz, /mnt/data/bioinfoteam/Betty/malpipeline/data/fastq/D6-PC3_S218_R2_001.fastq.gz
    output: /mnt/data/bioinfoteam/Betty/malpipeline/results/trimmed/D6-PC3_S218_R1_trimmed.fastq.gz, /mnt/data/bioinfoteam/Betty/malpipeline/results/trimmed/D6-PC3_S218_R2_trimmed.fastq.gz, /mnt/data/bioinfoteam/Betty/malpipeline/results/trimmed/D6-PC3_S218_stats.txt
    jobid: 42
    reason: Forced execution
    wildcards: sample=D6-PC3_S218
    resources: tmpdir=/tmp

/mnt/data/bioinfoteam/Betty/anaconda3b/envs/mala/bin/bbduk.sh    trimq=20 maq=20 minlength=100  ordered=t  in=/mnt/data/bioinfoteam/Betty/malpipeline/data/fastq/D6-PC3_S218_R1_001.fastq.gz in2=/mnt/data/bioinfoteam/Betty/malpipeline/data/fastq/D6-PC3_S218_R2_001.fastq.gz out=/mnt/data/bioinfoteam/Betty/malpipeline/results/trimmed/D6-PC3_S218_R1_trimmed.fastq.gz out2=/mnt/data/bioinfoteam/Betty/malpipeline/results/trimmed/D6-PC3_S218_R2_trimmed.fastq.gz stats=/mnt/data/bioinfoteam/Betty/malpipeline/results/trimmed/D6-PC3_S218_stats.txt

[Wed Oct 11 05:18:01 2023]
rule bbduk:
    input: /mnt/data/bioinfoteam/Betty/malpipeline/data/fastq/D6-PC2_S35_R1_001.fastq.gz, /mnt/data/bioinfoteam/Betty/malpipeline/data/fastq/D6-PC2_S35_R2_001.fastq.gz
    output: /mnt/data/bioinfoteam/Betty/malpipeline/results/trimmed/D6-PC2_S35_R1_trimmed.fastq.gz, /mnt/data/bioinfoteam/Betty/malpipeline/results/trimmed/D6-PC2_S35_R2_trimmed.fastq.gz, /mnt/data/bioinfoteam/Betty/malpipeline/results/trimmed/D6-PC2_S35_stats.txt
    jobid: 35
    reason: Forced execution
    wildcards: sample=D6-PC2_S35
    resources: tmpdir=/tmp

/mnt/data/bioinfoteam/Betty/anaconda3b/envs/mala/bin/bbduk.sh    trimq=20 maq=20 minlength=100  ordered=t  in=/mnt/data/bioinfoteam/Betty/malpipeline/data/fastq/D6-PC2_S35_R1_001.fastq.gz in2=/mnt/data/bioinfoteam/Betty/malpipeline/data/fastq/D6-PC2_S35_R2_001.fastq.gz out=/mnt/data/bioinfoteam/Betty/malpipeline/results/trimmed/D6-PC2_S35_R1_trimmed.fastq.gz out2=/mnt/data/bioinfoteam/Betty/malpipeline/results/trimmed/D6-PC2_S35_R2_trimmed.fastq.gz stats=/mnt/data/bioinfoteam/Betty/malpipeline/results/trimmed/D6-PC2_S35_stats.txt

[Wed Oct 11 05:18:01 2023]
rule bbduk:
    input: /mnt/data/bioinfoteam/Betty/malpipeline/data/fastq/D6-PC1_S89_R1_001.fastq.gz, /mnt/data/bioinfoteam/Betty/malpipeline/data/fastq/D6-PC1_S89_R2_001.fastq.gz
    output: /mnt/data/bioinfoteam/Betty/malpipeline/results/trimmed/D6-PC1_S89_R1_trimmed.fastq.gz, /mnt/data/bioinfoteam/Betty/malpipeline/results/trimmed/D6-PC1_S89_R2_trimmed.fastq.gz, /mnt/data/bioinfoteam/Betty/malpipeline/results/trimmed/D6-PC1_S89_stats.txt
    jobid: 28
    reason: Forced execution
    wildcards: sample=D6-PC1_S89
    resources: tmpdir=/tmp

/mnt/data/bioinfoteam/Betty/anaconda3b/envs/mala/bin/bbduk.sh    trimq=20 maq=20 minlength=100  ordered=t  in=/mnt/data/bioinfoteam/Betty/malpipeline/data/fastq/D6-PC1_S89_R1_001.fastq.gz in2=/mnt/data/bioinfoteam/Betty/malpipeline/data/fastq/D6-PC1_S89_R2_001.fastq.gz out=/mnt/data/bioinfoteam/Betty/malpipeline/results/trimmed/D6-PC1_S89_R1_trimmed.fastq.gz out2=/mnt/data/bioinfoteam/Betty/malpipeline/results/trimmed/D6-PC1_S89_R2_trimmed.fastq.gz stats=/mnt/data/bioinfoteam/Betty/malpipeline/results/trimmed/D6-PC1_S89_stats.txt

[Wed Oct 11 05:18:01 2023]
rule bbduk:
    input: /mnt/data/bioinfoteam/Betty/malpipeline/data/fastq/7G8-PC6_S219_R1_001.fastq.gz, /mnt/data/bioinfoteam/Betty/malpipeline/data/fastq/7G8-PC6_S219_R2_001.fastq.gz
    output: /mnt/data/bioinfoteam/Betty/malpipeline/results/trimmed/7G8-PC6_S219_R1_trimmed.fastq.gz, /mnt/data/bioinfoteam/Betty/malpipeline/results/trimmed/7G8-PC6_S219_R2_trimmed.fastq.gz, /mnt/data/bioinfoteam/Betty/malpipeline/results/trimmed/7G8-PC6_S219_stats.txt
    jobid: 21
    reason: Forced execution
    wildcards: sample=7G8-PC6_S219
    resources: tmpdir=/tmp

/mnt/data/bioinfoteam/Betty/anaconda3b/envs/mala/bin/bbduk.sh    trimq=20 maq=20 minlength=100  ordered=t  in=/mnt/data/bioinfoteam/Betty/malpipeline/data/fastq/7G8-PC6_S219_R1_001.fastq.gz in2=/mnt/data/bioinfoteam/Betty/malpipeline/data/fastq/7G8-PC6_S219_R2_001.fastq.gz out=/mnt/data/bioinfoteam/Betty/malpipeline/results/trimmed/7G8-PC6_S219_R1_trimmed.fastq.gz out2=/mnt/data/bioinfoteam/Betty/malpipeline/results/trimmed/7G8-PC6_S219_R2_trimmed.fastq.gz stats=/mnt/data/bioinfoteam/Betty/malpipeline/results/trimmed/7G8-PC6_S219_stats.txt

[Wed Oct 11 05:18:01 2023]
rule bbduk:
    input: /mnt/data/bioinfoteam/Betty/malpipeline/data/fastq/7G8-PC5_S37_R1_001.fastq.gz, /mnt/data/bioinfoteam/Betty/malpipeline/data/fastq/7G8-PC5_S37_R2_001.fastq.gz
    output: /mnt/data/bioinfoteam/Betty/malpipeline/results/trimmed/7G8-PC5_S37_R1_trimmed.fastq.gz, /mnt/data/bioinfoteam/Betty/malpipeline/results/trimmed/7G8-PC5_S37_R2_trimmed.fastq.gz, /mnt/data/bioinfoteam/Betty/malpipeline/results/trimmed/7G8-PC5_S37_stats.txt
    jobid: 14
    reason: Forced execution
    wildcards: sample=7G8-PC5_S37
    resources: tmpdir=/tmp

/mnt/data/bioinfoteam/Betty/anaconda3b/envs/mala/bin/bbduk.sh    trimq=20 maq=20 minlength=100  ordered=t  in=/mnt/data/bioinfoteam/Betty/malpipeline/data/fastq/7G8-PC5_S37_R1_001.fastq.gz in2=/mnt/data/bioinfoteam/Betty/malpipeline/data/fastq/7G8-PC5_S37_R2_001.fastq.gz out=/mnt/data/bioinfoteam/Betty/malpipeline/results/trimmed/7G8-PC5_S37_R1_trimmed.fastq.gz out2=/mnt/data/bioinfoteam/Betty/malpipeline/results/trimmed/7G8-PC5_S37_R2_trimmed.fastq.gz stats=/mnt/data/bioinfoteam/Betty/malpipeline/results/trimmed/7G8-PC5_S37_stats.txt

[Wed Oct 11 05:18:01 2023]
rule bbduk:
    input: /mnt/data/bioinfoteam/Betty/malpipeline/data/fastq/7G8-PC4_S90_R1_001.fastq.gz, /mnt/data/bioinfoteam/Betty/malpipeline/data/fastq/7G8-PC4_S90_R2_001.fastq.gz
    output: /mnt/data/bioinfoteam/Betty/malpipeline/results/trimmed/7G8-PC4_S90_R1_trimmed.fastq.gz, /mnt/data/bioinfoteam/Betty/malpipeline/results/trimmed/7G8-PC4_S90_R2_trimmed.fastq.gz, /mnt/data/bioinfoteam/Betty/malpipeline/results/trimmed/7G8-PC4_S90_stats.txt
    jobid: 7
    reason: Forced execution
    wildcards: sample=7G8-PC4_S90
    resources: tmpdir=/tmp

/mnt/data/bioinfoteam/Betty/anaconda3b/envs/mala/bin/bbduk.sh    trimq=20 maq=20 minlength=100  ordered=t  in=/mnt/data/bioinfoteam/Betty/malpipeline/data/fastq/7G8-PC4_S90_R1_001.fastq.gz in2=/mnt/data/bioinfoteam/Betty/malpipeline/data/fastq/7G8-PC4_S90_R2_001.fastq.gz out=/mnt/data/bioinfoteam/Betty/malpipeline/results/trimmed/7G8-PC4_S90_R1_trimmed.fastq.gz out2=/mnt/data/bioinfoteam/Betty/malpipeline/results/trimmed/7G8-PC4_S90_R2_trimmed.fastq.gz stats=/mnt/data/bioinfoteam/Betty/malpipeline/results/trimmed/7G8-PC4_S90_stats.txt
[Wed Oct 11 05:18:03 2023]
Finished job 42.
1 of 43 steps (2%) done
Select jobs to execute...

[Wed Oct 11 05:18:03 2023]
rule bowtie:
    input: /mnt/data/bioinfoteam/Betty/malpipeline/results/trimmed/D6-PC3_S218_R1_trimmed.fastq.gz, /mnt/data/bioinfoteam/Betty/malpipeline/results/trimmed/D6-PC3_S218_R2_trimmed.fastq.gz
    output: /mnt/data/bioinfoteam/Betty/malpipeline/results/bam/D6-PC3_S218_aln.sam
    jobid: 41
    reason: Input files updated by another job: /mnt/data/bioinfoteam/Betty/malpipeline/results/trimmed/D6-PC3_S218_R2_trimmed.fastq.gz, /mnt/data/bioinfoteam/Betty/malpipeline/results/trimmed/D6-PC3_S218_R1_trimmed.fastq.gz
    wildcards: sample=D6-PC3_S218
    resources: tmpdir=/tmp

 bowtie2 --very-sensitive  --end-to-end   -x /mnt/data/bioinfoteam/Betty/malpipeline/data/reference/refs_all_index -1 /mnt/data/bioinfoteam/Betty/malpipeline/results/trimmed/D6-PC3_S218_R1_trimmed.fastq.gz -2 /mnt/data/bioinfoteam/Betty/malpipeline/results/trimmed/D6-PC3_S218_R2_trimmed.fastq.gz -p 8 -S /mnt/data/bioinfoteam/Betty/malpipeline/results/bam/D6-PC3_S218_aln.sam
[Wed Oct 11 05:18:05 2023]
Finished job 7.
2 of 43 steps (5%) done
Select jobs to execute...

[Wed Oct 11 05:18:05 2023]
rule bowtie:
    input: /mnt/data/bioinfoteam/Betty/malpipeline/results/trimmed/7G8-PC4_S90_R1_trimmed.fastq.gz, /mnt/data/bioinfoteam/Betty/malpipeline/results/trimmed/7G8-PC4_S90_R2_trimmed.fastq.gz
    output: /mnt/data/bioinfoteam/Betty/malpipeline/results/bam/7G8-PC4_S90_aln.sam
    jobid: 6
    reason: Input files updated by another job: /mnt/data/bioinfoteam/Betty/malpipeline/results/trimmed/7G8-PC4_S90_R1_trimmed.fastq.gz, /mnt/data/bioinfoteam/Betty/malpipeline/results/trimmed/7G8-PC4_S90_R2_trimmed.fastq.gz
    wildcards: sample=7G8-PC4_S90
    resources: tmpdir=/tmp

 bowtie2 --very-sensitive  --end-to-end   -x /mnt/data/bioinfoteam/Betty/malpipeline/data/reference/refs_all_index -1 /mnt/data/bioinfoteam/Betty/malpipeline/results/trimmed/7G8-PC4_S90_R1_trimmed.fastq.gz -2 /mnt/data/bioinfoteam/Betty/malpipeline/results/trimmed/7G8-PC4_S90_R2_trimmed.fastq.gz -p 8 -S /mnt/data/bioinfoteam/Betty/malpipeline/results/bam/7G8-PC4_S90_aln.sam
[Wed Oct 11 05:18:06 2023]
Finished job 41.
3 of 43 steps (7%) done
Select jobs to execute...

[Wed Oct 11 05:18:06 2023]
rule tobam:
    input: /mnt/data/bioinfoteam/Betty/malpipeline/results/bam/D6-PC3_S218_aln.sam
    output: /mnt/data/bioinfoteam/Betty/malpipeline/results/bam/D6-PC3_S218_aln.bam
    jobid: 40
    reason: Input files updated by another job: /mnt/data/bioinfoteam/Betty/malpipeline/results/bam/D6-PC3_S218_aln.sam
    wildcards: sample=D6-PC3_S218
    resources: tmpdir=/tmp

samtools view -b /mnt/data/bioinfoteam/Betty/malpipeline/results/bam/D6-PC3_S218_aln.sam -o /mnt/data/bioinfoteam/Betty/malpipeline/results/bam/D6-PC3_S218_aln.bam
[Wed Oct 11 05:18:07 2023]
Finished job 28.
4 of 43 steps (9%) done
Select jobs to execute...

[Wed Oct 11 05:18:07 2023]
rule bowtie:
    input: /mnt/data/bioinfoteam/Betty/malpipeline/results/trimmed/D6-PC1_S89_R1_trimmed.fastq.gz, /mnt/data/bioinfoteam/Betty/malpipeline/results/trimmed/D6-PC1_S89_R2_trimmed.fastq.gz
    output: /mnt/data/bioinfoteam/Betty/malpipeline/results/bam/D6-PC1_S89_aln.sam
    jobid: 27
    reason: Input files updated by another job: /mnt/data/bioinfoteam/Betty/malpipeline/results/trimmed/D6-PC1_S89_R1_trimmed.fastq.gz, /mnt/data/bioinfoteam/Betty/malpipeline/results/trimmed/D6-PC1_S89_R2_trimmed.fastq.gz
    wildcards: sample=D6-PC1_S89
    resources: tmpdir=/tmp

 bowtie2 --very-sensitive  --end-to-end   -x /mnt/data/bioinfoteam/Betty/malpipeline/data/reference/refs_all_index -1 /mnt/data/bioinfoteam/Betty/malpipeline/results/trimmed/D6-PC1_S89_R1_trimmed.fastq.gz -2 /mnt/data/bioinfoteam/Betty/malpipeline/results/trimmed/D6-PC1_S89_R2_trimmed.fastq.gz -p 8 -S /mnt/data/bioinfoteam/Betty/malpipeline/results/bam/D6-PC1_S89_aln.sam
[Wed Oct 11 05:18:07 2023]
Finished job 40.
5 of 43 steps (12%) done
[Wed Oct 11 05:18:07 2023]
Finished job 21.
6 of 43 steps (14%) done
[Wed Oct 11 05:18:08 2023]
Finished job 35.
7 of 43 steps (16%) done
Select jobs to execute...

[Wed Oct 11 05:18:08 2023]
rule bowtie:
    input: /mnt/data/bioinfoteam/Betty/malpipeline/results/trimmed/7G8-PC6_S219_R1_trimmed.fastq.gz, /mnt/data/bioinfoteam/Betty/malpipeline/results/trimmed/7G8-PC6_S219_R2_trimmed.fastq.gz
    output: /mnt/data/bioinfoteam/Betty/malpipeline/results/bam/7G8-PC6_S219_aln.sam
    jobid: 20
    reason: Input files updated by another job: /mnt/data/bioinfoteam/Betty/malpipeline/results/trimmed/7G8-PC6_S219_R2_trimmed.fastq.gz, /mnt/data/bioinfoteam/Betty/malpipeline/results/trimmed/7G8-PC6_S219_R1_trimmed.fastq.gz
    wildcards: sample=7G8-PC6_S219
    resources: tmpdir=/tmp

 bowtie2 --very-sensitive  --end-to-end   -x /mnt/data/bioinfoteam/Betty/malpipeline/data/reference/refs_all_index -1 /mnt/data/bioinfoteam/Betty/malpipeline/results/trimmed/7G8-PC6_S219_R1_trimmed.fastq.gz -2 /mnt/data/bioinfoteam/Betty/malpipeline/results/trimmed/7G8-PC6_S219_R2_trimmed.fastq.gz -p 8 -S /mnt/data/bioinfoteam/Betty/malpipeline/results/bam/7G8-PC6_S219_aln.sam

[Wed Oct 11 05:18:08 2023]
rule bowtie:
    input: /mnt/data/bioinfoteam/Betty/malpipeline/results/trimmed/D6-PC2_S35_R1_trimmed.fastq.gz, /mnt/data/bioinfoteam/Betty/malpipeline/results/trimmed/D6-PC2_S35_R2_trimmed.fastq.gz
    output: /mnt/data/bioinfoteam/Betty/malpipeline/results/bam/D6-PC2_S35_aln.sam
    jobid: 34
    reason: Input files updated by another job: /mnt/data/bioinfoteam/Betty/malpipeline/results/trimmed/D6-PC2_S35_R1_trimmed.fastq.gz, /mnt/data/bioinfoteam/Betty/malpipeline/results/trimmed/D6-PC2_S35_R2_trimmed.fastq.gz
    wildcards: sample=D6-PC2_S35
    resources: tmpdir=/tmp

 bowtie2 --very-sensitive  --end-to-end   -x /mnt/data/bioinfoteam/Betty/malpipeline/data/reference/refs_all_index -1 /mnt/data/bioinfoteam/Betty/malpipeline/results/trimmed/D6-PC2_S35_R1_trimmed.fastq.gz -2 /mnt/data/bioinfoteam/Betty/malpipeline/results/trimmed/D6-PC2_S35_R2_trimmed.fastq.gz -p 8 -S /mnt/data/bioinfoteam/Betty/malpipeline/results/bam/D6-PC2_S35_aln.sam

[Wed Oct 11 05:18:08 2023]
rule samtools_sort:
    input: /mnt/data/bioinfoteam/Betty/malpipeline/results/bam/D6-PC3_S218_aln.bam
    output: /mnt/data/bioinfoteam/Betty/malpipeline/results/bam/D6-PC3_S218.sorted.bam
    jobid: 39
    reason: Input files updated by another job: /mnt/data/bioinfoteam/Betty/malpipeline/results/bam/D6-PC3_S218_aln.bam
    wildcards: sample=D6-PC3_S218
    resources: tmpdir=/tmp

samtools sort /mnt/data/bioinfoteam/Betty/malpipeline/results/bam/D6-PC3_S218_aln.bam -o /mnt/data/bioinfoteam/Betty/malpipeline/results/bam/D6-PC3_S218.sorted.bam
[Wed Oct 11 05:18:09 2023]
Finished job 39.
8 of 43 steps (19%) done
Select jobs to execute...

[Wed Oct 11 05:18:09 2023]
rule call_vcf:
    input: /mnt/data/bioinfoteam/Betty/malpipeline/results/bam/D6-PC3_S218.sorted.bam
    output: /mnt/data/bioinfoteam/Betty/malpipeline/results/vcf/D6-PC3_S218.vcf
    jobid: 38
    reason: Input files updated by another job: /mnt/data/bioinfoteam/Betty/malpipeline/results/bam/D6-PC3_S218.sorted.bam
    wildcards: sample=D6-PC3_S218
    resources: tmpdir=/tmp

bcftools mpileup  -f /mnt/data/bioinfoteam/Betty/malpipeline/data/reference/malref6.fasta  /mnt/data/bioinfoteam/Betty/malpipeline/results/bam/D6-PC3_S218.sorted.bam | bcftools call -vm > /mnt/data/bioinfoteam/Betty/malpipeline/results/vcf/D6-PC3_S218.vcf
[Wed Oct 11 05:18:10 2023]
Finished job 38.
9 of 43 steps (21%) done
Select jobs to execute...

[Wed Oct 11 05:18:10 2023]
rule liftover:
    input: /mnt/data/bioinfoteam/Betty/malpipeline/results/vcf/D6-PC3_S218.vcf
    output: /mnt/data/bioinfoteam/Betty/malpipeline/results/vcf/aD6-PC3_S218.vcf
    jobid: 37
    reason: Input files updated by another job: /mnt/data/bioinfoteam/Betty/malpipeline/results/vcf/D6-PC3_S218.vcf
    wildcards: sample=D6-PC3_S218
    resources: tmpdir=/tmp


        sed -i 's;PfMDR1;5;'g /mnt/data/bioinfoteam/Betty/malpipeline/results/vcf/D6-PC3_S218.vcf
        sed -i 's;K13;13;'g /mnt/data/bioinfoteam/Betty/malpipeline/results/vcf/D6-PC3_S218.vcf
        sed -i 's;DHFR;4;'g /mnt/data/bioinfoteam/Betty/malpipeline/results/vcf/D6-PC3_S218.vcf
        sed -i 's;DHPS;8;'g /mnt/data/bioinfoteam/Betty/malpipeline/results/vcf/D6-PC3_S218.vcf
        sed -i 's;PfCRT;7;'g /mnt/data/bioinfoteam/Betty/malpipeline/results/vcf/D6-PC3_S218.vcf
        python /mnt/data/bioinfoteam/Betty/scripts/adjust2.py /mnt/data/bioinfoteam/Betty/malpipeline/results/vcf/D6-PC3_S218.vcf > /mnt/data/bioinfoteam/Betty/malpipeline/results/vcf/aD6-PC3_S218.vcf 
        
[Wed Oct 11 05:18:10 2023]
Finished job 37.
10 of 43 steps (23%) done
Select jobs to execute...

[Wed Oct 11 05:18:10 2023]
rule annotate:
    input: /mnt/data/bioinfoteam/Betty/malpipeline/results/vcf/aD6-PC3_S218.vcf, /mnt/data/bioinfoteam/Betty/snpEff/snpEff.jar, /mnt/data/bioinfoteam/Betty/snpEff/data/Plasmodium_falciparum_1, /mnt/data/bioinfoteam/Betty/snpEff/snpEff.config, /mnt/data/bioinfoteam/Betty/snpEff/data
    output: /mnt/data/bioinfoteam/Betty/malpipeline/results/ann3/D6-PC3_S218.ann
    jobid: 36
    reason: Missing output files: /mnt/data/bioinfoteam/Betty/malpipeline/results/ann3/D6-PC3_S218.ann; Input files updated by another job: /mnt/data/bioinfoteam/Betty/malpipeline/results/vcf/aD6-PC3_S218.vcf
    wildcards: sample=D6-PC3_S218
    resources: tmpdir=/tmp


       cd  /mnt/data/bioinfoteam/Betty/snpEff
       export TMPDIR=/mnt/data/bioinfoteam/Betty/tmpall/
       java -Xmx8G -jar /mnt/data/bioinfoteam/Betty/snpEff/snpEff.jar -c /mnt/data/bioinfoteam/Betty/snpEff/snpEff.config  /mnt/data/bioinfoteam/Betty/snpEff/data/Plasmodium_falciparum_1  -debug  /mnt/data/bioinfoteam/Betty/malpipeline/results/vcf/aD6-PC3_S218.vcf > /mnt/data/bioinfoteam/Betty/malpipeline/results/ann3/D6-PC3_S218.ann
       
[Wed Oct 11 05:18:12 2023]
Error in rule annotate:
    jobid: 36
    output: /mnt/data/bioinfoteam/Betty/malpipeline/results/ann3/D6-PC3_S218.ann
    shell:
        
       cd  /mnt/data/bioinfoteam/Betty/snpEff
       export TMPDIR=/mnt/data/bioinfoteam/Betty/tmpall/
       java -Xmx8G -jar /mnt/data/bioinfoteam/Betty/snpEff/snpEff.jar -c /mnt/data/bioinfoteam/Betty/snpEff/snpEff.config  /mnt/data/bioinfoteam/Betty/snpEff/data/Plasmodium_falciparum_1  -debug  /mnt/data/bioinfoteam/Betty/malpipeline/results/vcf/aD6-PC3_S218.vcf > /mnt/data/bioinfoteam/Betty/malpipeline/results/ann3/D6-PC3_S218.ann
       
        (one of the commands exited with non-zero exit code; note that snakemake uses bash strict mode!)

Removing output files of failed job annotate since they might be corrupted:
/mnt/data/bioinfoteam/Betty/malpipeline/results/ann3/D6-PC3_S218.ann
[Wed Oct 11 05:18:17 2023]
Finished job 14.
11 of 43 steps (26%) done
[Wed Oct 11 05:18:17 2023]
Finished job 27.
12 of 43 steps (28%) done
[Wed Oct 11 05:18:19 2023]
Finished job 6.
13 of 43 steps (30%) done
[Wed Oct 11 05:18:30 2023]
Finished job 20.
14 of 43 steps (33%) done
[Wed Oct 11 05:18:30 2023]
Finished job 34.
15 of 43 steps (35%) done
Shutting down, this might take some time.
Exiting because a job execution failed. Look above for error message
Complete log: .snakemake/log/2023-10-11T051800.117225.snakemake.log
