Building DAG of jobs...
Using shell: /usr/bin/bash
Provided cores: 8
Rules claiming more threads will be scaled down.
Job stats:
job              count    min threads    max threads
-------------  -------  -------------  -------------
all                  1              1              1
annotate             6              1              1
bbduk                6              1              1
bowtie               6              1              1
call_vcf             6              1              1
samtools_sort        6              1              1
tobam                6              1              1
total               37              1              1

Select jobs to execute...

[Wed Oct  4 05:10:38 2023]
rule bbduk:
    input: /mnt/data/bioinfoteam/Betty/malpipeline/data/fastq/D6-PC2_S35_R1_001.fastq.gz, /mnt/data/bioinfoteam/Betty/malpipeline/data/fastq/D6-PC2_S35_R2_001.fastq.gz
    output: /mnt/data/bioinfoteam/Betty/malpipeline/results/trimmed/D6-PC2_S35_R1_trimmed.fastq.gz, /mnt/data/bioinfoteam/Betty/malpipeline/results/trimmed/D6-PC2_S35_R2_trimmed.fastq.gz, /mnt/data/bioinfoteam/Betty/malpipeline/results/trimmed/D6-PC2_S35_stats.txt
    jobid: 30
    reason: Forced execution
    wildcards: sample=D6-PC2_S35
    resources: tmpdir=/tmp


[Wed Oct  4 05:10:39 2023]
rule bbduk:
    input: /mnt/data/bioinfoteam/Betty/malpipeline/data/fastq/7G8-PC6_S219_R1_001.fastq.gz, /mnt/data/bioinfoteam/Betty/malpipeline/data/fastq/7G8-PC6_S219_R2_001.fastq.gz
    output: /mnt/data/bioinfoteam/Betty/malpipeline/results/trimmed/7G8-PC6_S219_R1_trimmed.fastq.gz, /mnt/data/bioinfoteam/Betty/malpipeline/results/trimmed/7G8-PC6_S219_R2_trimmed.fastq.gz, /mnt/data/bioinfoteam/Betty/malpipeline/results/trimmed/7G8-PC6_S219_stats.txt
    jobid: 18
    reason: Forced execution
    wildcards: sample=7G8-PC6_S219
    resources: tmpdir=/tmp


[Wed Oct  4 05:10:39 2023]
rule bbduk:
    input: /mnt/data/bioinfoteam/Betty/malpipeline/data/fastq/7G8-PC4_S90_R1_001.fastq.gz, /mnt/data/bioinfoteam/Betty/malpipeline/data/fastq/7G8-PC4_S90_R2_001.fastq.gz
    output: /mnt/data/bioinfoteam/Betty/malpipeline/results/trimmed/7G8-PC4_S90_R1_trimmed.fastq.gz, /mnt/data/bioinfoteam/Betty/malpipeline/results/trimmed/7G8-PC4_S90_R2_trimmed.fastq.gz, /mnt/data/bioinfoteam/Betty/malpipeline/results/trimmed/7G8-PC4_S90_stats.txt
    jobid: 6
    reason: Forced execution
    wildcards: sample=7G8-PC4_S90
    resources: tmpdir=/tmp


[Wed Oct  4 05:10:39 2023]
rule bbduk:
    input: /mnt/data/bioinfoteam/Betty/malpipeline/data/fastq/D6-PC3_S218_R1_001.fastq.gz, /mnt/data/bioinfoteam/Betty/malpipeline/data/fastq/D6-PC3_S218_R2_001.fastq.gz
    output: /mnt/data/bioinfoteam/Betty/malpipeline/results/trimmed/D6-PC3_S218_R1_trimmed.fastq.gz, /mnt/data/bioinfoteam/Betty/malpipeline/results/trimmed/D6-PC3_S218_R2_trimmed.fastq.gz, /mnt/data/bioinfoteam/Betty/malpipeline/results/trimmed/D6-PC3_S218_stats.txt
    jobid: 36
    reason: Forced execution
    wildcards: sample=D6-PC3_S218
    resources: tmpdir=/tmp


[Wed Oct  4 05:10:39 2023]
rule bbduk:
    input: /mnt/data/bioinfoteam/Betty/malpipeline/data/fastq/D6-PC1_S89_R1_001.fastq.gz, /mnt/data/bioinfoteam/Betty/malpipeline/data/fastq/D6-PC1_S89_R2_001.fastq.gz
    output: /mnt/data/bioinfoteam/Betty/malpipeline/results/trimmed/D6-PC1_S89_R1_trimmed.fastq.gz, /mnt/data/bioinfoteam/Betty/malpipeline/results/trimmed/D6-PC1_S89_R2_trimmed.fastq.gz, /mnt/data/bioinfoteam/Betty/malpipeline/results/trimmed/D6-PC1_S89_stats.txt
    jobid: 24
    reason: Forced execution
    wildcards: sample=D6-PC1_S89
    resources: tmpdir=/tmp


[Wed Oct  4 05:10:39 2023]
rule bbduk:
    input: /mnt/data/bioinfoteam/Betty/malpipeline/data/fastq/7G8-PC5_S37_R1_001.fastq.gz, /mnt/data/bioinfoteam/Betty/malpipeline/data/fastq/7G8-PC5_S37_R2_001.fastq.gz
    output: /mnt/data/bioinfoteam/Betty/malpipeline/results/trimmed/7G8-PC5_S37_R1_trimmed.fastq.gz, /mnt/data/bioinfoteam/Betty/malpipeline/results/trimmed/7G8-PC5_S37_R2_trimmed.fastq.gz, /mnt/data/bioinfoteam/Betty/malpipeline/results/trimmed/7G8-PC5_S37_stats.txt
    jobid: 12
    reason: Forced execution
    wildcards: sample=7G8-PC5_S37
    resources: tmpdir=/tmp

[Wed Oct  4 05:10:44 2023]
Finished job 36.
1 of 37 steps (3%) done
Select jobs to execute...

[Wed Oct  4 05:10:44 2023]
rule bowtie:
    input: /mnt/data/bioinfoteam/Betty/malpipeline/results/trimmed/D6-PC3_S218_R1_trimmed.fastq.gz, /mnt/data/bioinfoteam/Betty/malpipeline/results/trimmed/D6-PC3_S218_R2_trimmed.fastq.gz
    output: /mnt/data/bioinfoteam/Betty/malpipeline/results/bam/D6-PC3_S218_aln.sam
    jobid: 35
    reason: Missing output files: /mnt/data/bioinfoteam/Betty/malpipeline/results/bam/D6-PC3_S218_aln.sam; Input files updated by another job: /mnt/data/bioinfoteam/Betty/malpipeline/results/trimmed/D6-PC3_S218_R2_trimmed.fastq.gz, /mnt/data/bioinfoteam/Betty/malpipeline/results/trimmed/D6-PC3_S218_R1_trimmed.fastq.gz
    wildcards: sample=D6-PC3_S218
    resources: tmpdir=/tmp

[Wed Oct  4 05:10:44 2023]
Finished job 6.
2 of 37 steps (5%) done
Select jobs to execute...

[Wed Oct  4 05:10:44 2023]
rule bowtie:
    input: /mnt/data/bioinfoteam/Betty/malpipeline/results/trimmed/7G8-PC4_S90_R1_trimmed.fastq.gz, /mnt/data/bioinfoteam/Betty/malpipeline/results/trimmed/7G8-PC4_S90_R2_trimmed.fastq.gz
    output: /mnt/data/bioinfoteam/Betty/malpipeline/results/bam/7G8-PC4_S90_aln.sam
    jobid: 5
    reason: Missing output files: /mnt/data/bioinfoteam/Betty/malpipeline/results/bam/7G8-PC4_S90_aln.sam; Input files updated by another job: /mnt/data/bioinfoteam/Betty/malpipeline/results/trimmed/7G8-PC4_S90_R2_trimmed.fastq.gz, /mnt/data/bioinfoteam/Betty/malpipeline/results/trimmed/7G8-PC4_S90_R1_trimmed.fastq.gz
    wildcards: sample=7G8-PC4_S90
    resources: tmpdir=/tmp

[Wed Oct  4 05:10:45 2023]
Finished job 24.
3 of 37 steps (8%) done
Select jobs to execute...

[Wed Oct  4 05:10:45 2023]
rule bowtie:
    input: /mnt/data/bioinfoteam/Betty/malpipeline/results/trimmed/D6-PC1_S89_R1_trimmed.fastq.gz, /mnt/data/bioinfoteam/Betty/malpipeline/results/trimmed/D6-PC1_S89_R2_trimmed.fastq.gz
    output: /mnt/data/bioinfoteam/Betty/malpipeline/results/bam/D6-PC1_S89_aln.sam
    jobid: 23
    reason: Missing output files: /mnt/data/bioinfoteam/Betty/malpipeline/results/bam/D6-PC1_S89_aln.sam; Input files updated by another job: /mnt/data/bioinfoteam/Betty/malpipeline/results/trimmed/D6-PC1_S89_R2_trimmed.fastq.gz, /mnt/data/bioinfoteam/Betty/malpipeline/results/trimmed/D6-PC1_S89_R1_trimmed.fastq.gz
    wildcards: sample=D6-PC1_S89
    resources: tmpdir=/tmp

[Wed Oct  4 05:10:47 2023]
Finished job 18.
4 of 37 steps (11%) done
Select jobs to execute...

[Wed Oct  4 05:10:47 2023]
rule bowtie:
    input: /mnt/data/bioinfoteam/Betty/malpipeline/results/trimmed/7G8-PC6_S219_R1_trimmed.fastq.gz, /mnt/data/bioinfoteam/Betty/malpipeline/results/trimmed/7G8-PC6_S219_R2_trimmed.fastq.gz
    output: /mnt/data/bioinfoteam/Betty/malpipeline/results/bam/7G8-PC6_S219_aln.sam
    jobid: 17
    reason: Missing output files: /mnt/data/bioinfoteam/Betty/malpipeline/results/bam/7G8-PC6_S219_aln.sam; Input files updated by another job: /mnt/data/bioinfoteam/Betty/malpipeline/results/trimmed/7G8-PC6_S219_R2_trimmed.fastq.gz, /mnt/data/bioinfoteam/Betty/malpipeline/results/trimmed/7G8-PC6_S219_R1_trimmed.fastq.gz
    wildcards: sample=7G8-PC6_S219
    resources: tmpdir=/tmp

[Wed Oct  4 05:10:47 2023]
Finished job 30.
5 of 37 steps (14%) done
Select jobs to execute...

[Wed Oct  4 05:10:47 2023]
rule bowtie:
    input: /mnt/data/bioinfoteam/Betty/malpipeline/results/trimmed/D6-PC2_S35_R1_trimmed.fastq.gz, /mnt/data/bioinfoteam/Betty/malpipeline/results/trimmed/D6-PC2_S35_R2_trimmed.fastq.gz
    output: /mnt/data/bioinfoteam/Betty/malpipeline/results/bam/D6-PC2_S35_aln.sam
    jobid: 29
    reason: Missing output files: /mnt/data/bioinfoteam/Betty/malpipeline/results/bam/D6-PC2_S35_aln.sam; Input files updated by another job: /mnt/data/bioinfoteam/Betty/malpipeline/results/trimmed/D6-PC2_S35_R2_trimmed.fastq.gz, /mnt/data/bioinfoteam/Betty/malpipeline/results/trimmed/D6-PC2_S35_R1_trimmed.fastq.gz
    wildcards: sample=D6-PC2_S35
    resources: tmpdir=/tmp

[Wed Oct  4 05:10:51 2023]
Finished job 35.
6 of 37 steps (16%) done
Select jobs to execute...

[Wed Oct  4 05:10:51 2023]
rule tobam:
    input: /mnt/data/bioinfoteam/Betty/malpipeline/results/bam/D6-PC3_S218_aln.sam
    output: /mnt/data/bioinfoteam/Betty/malpipeline/results/bam/D6-PC3_S218_aln.bam
    jobid: 34
    reason: Missing output files: /mnt/data/bioinfoteam/Betty/malpipeline/results/bam/D6-PC3_S218_aln.bam; Input files updated by another job: /mnt/data/bioinfoteam/Betty/malpipeline/results/bam/D6-PC3_S218_aln.sam
    wildcards: sample=D6-PC3_S218
    resources: tmpdir=/tmp

[Wed Oct  4 05:10:52 2023]
Finished job 34.
7 of 37 steps (19%) done
Select jobs to execute...

[Wed Oct  4 05:10:52 2023]
rule samtools_sort:
    input: /mnt/data/bioinfoteam/Betty/malpipeline/results/bam/D6-PC3_S218_aln.bam
    output: /mnt/data/bioinfoteam/Betty/malpipeline/results/bam/D6-PC3_S218.sorted.bam
    jobid: 33
    reason: Missing output files: /mnt/data/bioinfoteam/Betty/malpipeline/results/bam/D6-PC3_S218.sorted.bam; Input files updated by another job: /mnt/data/bioinfoteam/Betty/malpipeline/results/bam/D6-PC3_S218_aln.bam
    wildcards: sample=D6-PC3_S218
    resources: tmpdir=/tmp

[Wed Oct  4 05:10:56 2023]
Finished job 33.
8 of 37 steps (22%) done
Select jobs to execute...

[Wed Oct  4 05:10:56 2023]
rule call_vcf:
    input: /mnt/data/bioinfoteam/Betty/malpipeline/results/bam/D6-PC3_S218.sorted.bam
    output: /mnt/data/bioinfoteam/Betty/malpipeline/results/vcf/D6-PC3_S218.vcf
    jobid: 32
    reason: Missing output files: /mnt/data/bioinfoteam/Betty/malpipeline/results/vcf/D6-PC3_S218.vcf; Input files updated by another job: /mnt/data/bioinfoteam/Betty/malpipeline/results/bam/D6-PC3_S218.sorted.bam
    wildcards: sample=D6-PC3_S218
    resources: tmpdir=/tmp

[Wed Oct  4 05:10:57 2023]
Finished job 12.
9 of 37 steps (24%) done
Select jobs to execute...

[Wed Oct  4 05:10:57 2023]
rule bowtie:
    input: /mnt/data/bioinfoteam/Betty/malpipeline/results/trimmed/7G8-PC5_S37_R1_trimmed.fastq.gz, /mnt/data/bioinfoteam/Betty/malpipeline/results/trimmed/7G8-PC5_S37_R2_trimmed.fastq.gz
    output: /mnt/data/bioinfoteam/Betty/malpipeline/results/bam/7G8-PC5_S37_aln.sam
    jobid: 11
    reason: Missing output files: /mnt/data/bioinfoteam/Betty/malpipeline/results/bam/7G8-PC5_S37_aln.sam; Input files updated by another job: /mnt/data/bioinfoteam/Betty/malpipeline/results/trimmed/7G8-PC5_S37_R1_trimmed.fastq.gz, /mnt/data/bioinfoteam/Betty/malpipeline/results/trimmed/7G8-PC5_S37_R2_trimmed.fastq.gz
    wildcards: sample=7G8-PC5_S37
    resources: tmpdir=/tmp

[Wed Oct  4 05:10:58 2023]
Finished job 23.
10 of 37 steps (27%) done
Select jobs to execute...

[Wed Oct  4 05:10:58 2023]
rule tobam:
    input: /mnt/data/bioinfoteam/Betty/malpipeline/results/bam/D6-PC1_S89_aln.sam
    output: /mnt/data/bioinfoteam/Betty/malpipeline/results/bam/D6-PC1_S89_aln.bam
    jobid: 22
    reason: Missing output files: /mnt/data/bioinfoteam/Betty/malpipeline/results/bam/D6-PC1_S89_aln.bam; Input files updated by another job: /mnt/data/bioinfoteam/Betty/malpipeline/results/bam/D6-PC1_S89_aln.sam
    wildcards: sample=D6-PC1_S89
    resources: tmpdir=/tmp

[Wed Oct  4 05:10:59 2023]
Finished job 32.
11 of 37 steps (30%) done
Select jobs to execute...

[Wed Oct  4 05:10:59 2023]
rule annotate:
    input: /mnt/data/bioinfoteam/Betty/malpipeline/results/vcf/D6-PC3_S218.vcf
    output: /mnt/data/bioinfoteam/Betty/malpipeline/results/ann/D6-PC3_S218.ann
    jobid: 31
    reason: Missing output files: /mnt/data/bioinfoteam/Betty/malpipeline/results/ann/D6-PC3_S218.ann; Input files updated by another job: /mnt/data/bioinfoteam/Betty/malpipeline/results/vcf/D6-PC3_S218.vcf
    wildcards: sample=D6-PC3_S218
    resources: tmpdir=/tmp

WorkflowError:
Error when formatting 'java -Xmx8g -jar {params.snpEff.jar} -c {params.snpeff_config} {params.snpeff_database {input] > {output}' for rule annotate. 'Params' object has no attribute 'snpEff'
